
Running 263 tests using 5 workers

  ✓    3 [chromium-mobile] › tests/e2e/err-handling.spec.ts:23:5 › [curvez-reviewer/ERR-02] localStorage 가 예외를 던지는 환경에서 /dashboard 는 예외 없이 '저장 공간을 사용할 수 없습니다'를 보인다 (412ms)
  ✓    4 [chromium-mobile] › tests/e2e/err-handling.spec.ts:43:5 › [curvez-reviewer/ERR-02] 프로필이 이미 있어도 localStorage 읽기가 막히면 '저장 공간을 사용할 수 없습니다'를 보인다 (414ms)
  ✓    5 [chromium-mobile] › tests/e2e/err-handling.spec.ts:9:5 › [curvez-reviewer/ERR-02] localStorage 가 예외를 던지는 환경에서도 첫 화면('/')이 깨지지 않는다 (424ms)
  ✓    2 [chromium-mobile] › tests/e2e/f1-ac7-due-date-label.spec.ts:13:5 › PC-F1-AC7 — 예정일 칸의 라벨이 '원래 출산 예정일'이다 (427ms)
  ✓    1 [chromium-mobile] › tests/e2e/f1-ac7-due-date-label.spec.ts:17:5 › PC-F1-AC7 — 칸 아래에 도움말이 보이고, 칸의 aria-describedby 가 그 도움말을 가리킨다 (457ms)
  ✓    7 [chromium-mobile] › tests/e2e/f1-profile.spec.ts:35:7 › PC-F1-AC4 — 저장된 프로필이 있으면 입력 없이 대시보드로 간다 › `/` 진입 시 자동으로 /dashboard 로 리다이렉트된다 (259ms)
  ✓    6 [chromium-mobile] › tests/e2e/f1-profile.spec.ts:11:7 › PC-F1-AC1 · PC-NF-MOBILE-4 — 첫 화면에는 입력칸과 버튼만 보인다 › 입력칸 3종(출생일·출산예정일·성별) + 주수전환 + 저장 버튼만 보이고, 그 외 버튼이 없다 (267ms)
  ✓   10 [chromium-mobile] › tests/e2e/f1-profile.spec.ts:91:5 › [curvez-reviewer/ACC-03] '주수로 입력' 전환이 출산 예정일 칸 아래에 있다(boundingBox y 비교) (243ms)
  ✓   12 [chromium-mobile] › tests/e2e/f1-profile.spec.ts:106:9 › [curvez-reviewer/ACC-05] 주수 입력 '일' 칸 범위 밖 값 → '날짜를 확인하세요' + 저장 비활성 › 일 칸에 -3 를 입력하면 오류 문구가 보이고 저장 버튼이 비활성화된다 (324ms)
  ✓   11 [chromium-mobile] › tests/e2e/f1-profile.spec.ts:106:9 › [curvez-reviewer/ACC-05] 주수 입력 '일' 칸 범위 밖 값 → '날짜를 확인하세요' + 저장 비활성 › 일 칸에 9 를 입력하면 오류 문구가 보이고 저장 버튼이 비활성화된다 (328ms)
  ✓   13 [chromium-mobile] › tests/e2e/f1-profile.spec.ts:106:9 › [curvez-reviewer/ACC-05] 주수 입력 '일' 칸 범위 밖 값 → '날짜를 확인하세요' + 저장 비활성 › 일 칸에 1.5 를 입력하면 오류 문구가 보이고 저장 버튼이 비활성화된다 (306ms)
  ✓   16 [chromium-mobile] › tests/e2e/f13-guide.spec.ts:31:5 › PC-F13-EX1 — 1단계는 검진 안내만 넣고, 접종 안내는 없다 (160ms)
  ✓   14 [chromium-mobile] › tests/e2e/f13-guide.spec.ts:6:5 › PC-F13-AC2 — '32주 출생 생후 3개월' 페이지에 '예정일보다 8주 일찍 태어남'과 교정 나이 설명이 보인다 (173ms)
  ✓   15 [chromium-mobile] › tests/e2e/f13-guide.spec.ts:16:5 › PC-F13-AC3 — 계산기로 가는 링크를 누르면 해당 주수(32주)가 채워진 입력 화면이 열린다 (248ms)
  ✓   17 [chromium-mobile] › tests/e2e/f16-question-guides.spec.ts:38:7 › PC-F16-AC1 — /guide/questions/vaccination 는 200 으로 열리고 h1 이 질문 문장이다 (158ms)
  ✓   18 [chromium-mobile] › tests/e2e/f16-question-guides.spec.ts:44:7 › PC-F16-AC2 — localStorage 가 빈 브라우저에서 vaccination 쪽을 열면 입력 화면으로 넘어가지 않고 본문이 보인다 (161ms)
  ✓   19 [chromium-mobile] › tests/e2e/f16-question-guides.spec.ts:54:7 › PC-F16-AC6 — vaccination 쪽 아래에 근거 자료 이름·기준일, 면책 문구, 계산기 링크가 보인다 (171ms)
  ✓    8 [chromium-mobile] › tests/e2e/f1-profile.spec.ts:45:7 › PC-F1-AC5 · PC-F1-EX3 — 아이가 2명 이상이면 전환 탭이 보이고, 이름이 없으면 번호로 보인다 › 탭에 '아이 1'·'아이 2'가 보이고, '+ 아이 추가'를 누르면 /?new=1 로 이동해 폼이 보인다(리다이렉트 없음) (1.1s)
  ✓   20 [chromium-mobile] › tests/e2e/f16-question-guides.spec.ts:38:7 › PC-F16-AC1 — /guide/questions/checkup-questionnaire 는 200 으로 열리고 h1 이 질문 문장이다 (155ms)
  ✓   21 [chromium-mobile] › tests/e2e/f16-question-guides.spec.ts:44:7 › PC-F16-AC2 — localStorage 가 빈 브라우저에서 checkup-questionnaire 쪽을 열면 입력 화면으로 넘어가지 않고 본문이 보인다 (160ms)
  ✓    9 [chromium-mobile] › tests/e2e/f1-profile.spec.ts:71:7 › PC-F1-AC6 · PC-NF-PRIV-3 — 정보 전체 삭제 › 확인하면 저장된 프로필이 모두 사라지고 첫 화면으로 돌아간다 (1.2s)
  ✓   22 [chromium-mobile] › tests/e2e/f16-question-guides.spec.ts:54:7 › PC-F16-AC6 — checkup-questionnaire 쪽 아래에 근거 자료 이름·기준일, 면책 문구, 계산기 링크가 보인다 (190ms)
  ✓   23 [chromium-mobile] › tests/e2e/f16-question-guides.spec.ts:38:7 › PC-F16-AC1 — /guide/questions/weaning 는 200 으로 열리고 h1 이 질문 문장이다 (200ms)
  ✓   24 [chromium-mobile] › tests/e2e/f16-question-guides.spec.ts:44:7 › PC-F16-AC2 — localStorage 가 빈 브라우저에서 weaning 쪽을 열면 입력 화면으로 넘어가지 않고 본문이 보인다 (180ms)
  ✓   25 [chromium-mobile] › tests/e2e/f16-question-guides.spec.ts:54:7 › PC-F16-AC6 — weaning 쪽 아래에 근거 자료 이름·기준일, 면책 문구, 계산기 링크가 보인다 (208ms)
  ✓   26 [chromium-mobile] › tests/e2e/f16-question-guides.spec.ts:38:7 › PC-F16-AC1 — /guide/questions/corrected-age-until 는 200 으로 열리고 h1 이 질문 문장이다 (209ms)
  ✓   27 [chromium-mobile] › tests/e2e/f16-question-guides.spec.ts:44:7 › PC-F16-AC2 — localStorage 가 빈 브라우저에서 corrected-age-until 쪽을 열면 입력 화면으로 넘어가지 않고 본문이 보인다 (249ms)
  ✓   29 [chromium-mobile] › tests/e2e/f16-question-guides.spec.ts:38:7 › PC-F16-AC1 — /guide/questions/catch-up-growth 는 200 으로 열리고 h1 이 질문 문장이다 (221ms)
  ✓   28 [chromium-mobile] › tests/e2e/f16-question-guides.spec.ts:54:7 › PC-F16-AC6 — corrected-age-until 쪽 아래에 근거 자료 이름·기준일, 면책 문구, 계산기 링크가 보인다 (236ms)
  ✓   30 [chromium-mobile] › tests/e2e/f16-question-guides.spec.ts:44:7 › PC-F16-AC2 — localStorage 가 빈 브라우저에서 catch-up-growth 쪽을 열면 입력 화면으로 넘어가지 않고 본문이 보인다 (241ms)
  ✓   31 [chromium-mobile] › tests/e2e/f16-question-guides.spec.ts:54:7 › PC-F16-AC6 — catch-up-growth 쪽 아래에 근거 자료 이름·기준일, 면책 문구, 계산기 링크가 보인다 (265ms)
  ✓   32 [chromium-mobile] › tests/e2e/f16-question-guides.spec.ts:38:7 › PC-F16-AC1 — /guide/questions/copay-relief 는 200 으로 열리고 h1 이 질문 문장이다 (206ms)
  ✓   33 [chromium-mobile] › tests/e2e/f16-question-guides.spec.ts:44:7 › PC-F16-AC2 — localStorage 가 빈 브라우저에서 copay-relief 쪽을 열면 입력 화면으로 넘어가지 않고 본문이 보인다 (219ms)
  ✓   34 [chromium-mobile] › tests/e2e/f16-question-guides.spec.ts:54:7 › PC-F16-AC6 — copay-relief 쪽 아래에 근거 자료 이름·기준일, 면책 문구, 계산기 링크가 보인다 (225ms)
  ✓   35 [chromium-mobile] › tests/e2e/f16-question-guides.spec.ts:75:5 › PC-F16-AC3 — 문진표 쪽에 '방문 날짜는 출생 기준, 문진표와 발달선별검사지는 교정 기준(24개월 검진까지)'이 보인다 (233ms)
  ✓   37 [chromium-mobile] › tests/e2e/f16-question-guides.spec.ts:94:5 › PC-F16-AC5 — '교정연령은 언제까지' 쪽에는 '미확정' 표시가 보인다 (PRD 미결 3) (175ms)
  ✓   36 [chromium-mobile] › tests/e2e/f16-question-guides.spec.ts:84:5 › PC-F16-AC4 — 본인부담 경감 쪽에 재태기간 구간 3개와 기간이 보인다 (233ms)
  ✓   39 [chromium-mobile] › tests/e2e/f16-question-guides.spec.ts:111:5 › PC-F16-AC7 — /sitemap.xml 에 질문형 가이드 6쪽이 모두 들어 있다 (163ms)
  ✓   38 [chromium-mobile] › tests/e2e/f16-question-guides.spec.ts:102:5 › PC-F16-AC5 — 미확정 표시는 교정연령 쪽에만 붙는다(경감 종료일이 정당하게 보이는 copay-relief 는 제외한 나머지 4쪽에는 없다) (317ms)
  ✓   42 [chromium-mobile] › tests/e2e/f17-guide-index.spec.ts:13:5 › PC-F17-AC1 — /guide 가 200 으로 열리고 질문형 가이드 6쪽 링크가 보인다 (224ms)
  ✓   44 [chromium-mobile] › tests/e2e/f17-guide-index.spec.ts:36:5 › PC-F17-AC3 — /sitemap.xml 에 /guide 가 들어 있다 (101ms)
  ✓   43 [chromium-mobile] › tests/e2e/f17-guide-index.spec.ts:22:5 › PC-F17-AC2 — 출생 주수 32주, 생후 3개월을 고르고 이동을 누르면 '32주 출생, 생후 3개월' 조합 페이지가 열린다 (323ms)
  ✓   41 [chromium-mobile] › tests/e2e/f16-question-guides.spec.ts:142:5 › PC-F16-EX1 — next 쿼리가 외부 경로면 거부하고 기본 화면(/dashboard)으로 돌아간다(열린 리다이렉트 방지) (376ms)
  ✓   45 [chromium-mobile] › tests/e2e/f18-age-basis-public.spec.ts:6:5 › PC-F18-AC1 — localStorage 가 빈 브라우저에서 5개 항목과 각 기준(출생 또는 교정)이 보인다 (178ms)
  ✓   48 [chromium-mobile] › tests/e2e/f18-age-basis-public.spec.ts:53:5 › PC-F18-AC3 — 항목마다 실제 근거 자료 이름과 기준일이 보인다 (193ms)
  ✓   47 [chromium-mobile] › tests/e2e/f18-age-basis-public.spec.ts:44:5 › PC-F18-AC2 — 프로필이 있을 때 '내 아이로 계산하기'는 F3 화면(/dashboard/age-basis)으로 간다 (236ms)
  ✓   40 [chromium-mobile] › tests/e2e/f16-question-guides.spec.ts:120:5 › PC-F16-EX1 — 프로필이 없으면 계산기 링크가 입력 화면을 거쳐 저장 뒤 원래 대상 화면(예방접종)으로 돌아간다 (711ms)
  ✓   49 [chromium-mobile] › tests/e2e/f2-dashboard.spec.ts:10:5 › PC-F2-AC1 — 오늘 2026-06-01: '생후 92일 · 3개월'과 '교정 36일 · 1개월'이 나란히 보인다 (225ms)
  ✓   46 [chromium-mobile] › tests/e2e/f18-age-basis-public.spec.ts:26:5 › PC-F18-AC2 — 프로필이 없을 때 '내 아이로 계산하기'는 입력 화면을 거쳐 저장 뒤 F3 화면(/dashboard/age-basis)으로 돌아간다 (381ms)
  ✓   50 [chromium-mobile] › tests/e2e/f2-dashboard.spec.ts:23:5 › PC-F2-AC2 — 오늘 2026-04-01: '교정 D-25'와 '재태 36주 3일'이 보인다 (216ms)
  ✓   51 [chromium-mobile] › tests/e2e/f2-dashboard.spec.ts:33:5 › PC-F2-AC3 — 오늘 2026-06-01: 다음 월령일 '생후 4개월: 2026-07-01'과 '교정 2개월: 2026-06-26'이 보인다 (228ms)
  ✓   52 [chromium-mobile] › tests/e2e/f2-dashboard.spec.ts:45:5 › PC-F2-AC4 — 재태 38주5일(37주 이상)이면 교정 칸이 보이지 않고 생후 나이만 보인다 (216ms)
  ✓   53 [chromium-mobile] › tests/e2e/f2-dashboard.spec.ts:57:5 › PC-F2-AC5 — 나이 옆에 '생후: 출생일 기준 · 교정: 출산 예정일 기준'이 한 줄로 적혀 있다 (218ms)
  ✓   54 [chromium-mobile] › tests/e2e/f2-dashboard.spec.ts:67:5 › [curvez-reviewer/ACC-02] 화면에 '교정 36일 · 1개월' 한 문구가 정확히 보인다(getByText exact) (221ms)
  ✓   57 [chromium-mobile] › tests/e2e/f3-age-basis.spec.ts:22:5 › PC-F3-AC2 — '이유식 — 교정 기준 — 교정 1개월'이 보인다 (202ms)
  ✓   56 [chromium-mobile] › tests/e2e/f3-age-basis.spec.ts:13:5 › PC-F3-AC1 — '예방접종 — 출생 기준 — 생후 3개월'이 보인다 (213ms)
  ✓   58 [chromium-mobile] › tests/e2e/f3-age-basis.spec.ts:31:5 › PC-F3-AC3 — '영유아검진 방문 — 출생 기준', '문진표·발달선별검사지 — 교정 기준(24개월 검진까지)'이 보인다 (208ms)
  ✓   59 [chromium-mobile] › tests/e2e/f3-age-basis.spec.ts:44:5 › PC-F3-AC4 — 항목마다 근거 자료 이름과 기준일이 보인다 (215ms)
  ✓   62 [chromium-mobile] › tests/e2e/f4-checkups.spec.ts:11:5 › PC-F4-AC2 — 오늘 2026-09-15(생후 6개월14일·교정 4개월20일)이면 '오늘은 교정 4개월 기준으로 문진표를 쓰세요'가 보인다 (169ms)
  ✓   61 [chromium-mobile] › tests/e2e/f3-age-basis.spec.ts:67:5 › [curvez-reviewer/ACC-01] 예정일 2026-03-10(재태 37주 이상) 아이의 F3 에 '교정 기준' 문구가 0개다 (180ms)
  ✓   60 [chromium-mobile] › tests/e2e/f3-age-basis.spec.ts:52:5 › PC-F3-AC5 — 재태 37주 이상 아이는 모든 항목이 '생후 나이 그대로'로 보인다 (196ms)
  ✓   63 [chromium-mobile] › tests/e2e/f4-checkups.spec.ts:21:5 › PC-F4-AC4 — 오늘 날짜가 든 차수가 맨 위에 강조돼 보이고, 지난·예정 차수와 구분된다 (178ms)
  ✓   55 [chromium-mobile] › tests/e2e/f2-dashboard.spec.ts:77:5 › PC-F2-EX1 — 프로필이 없으면 F1 첫 화면으로 보낸다 (555ms)
  ✓   65 [chromium-mobile] › tests/e2e/f4-checkups.spec.ts:48:5 › [curvez-reviewer/ERR-01] 오늘이 출산 예정일 전(1차 검진 창 안)이어도 /dashboard/checkups 가 예외 없이 뜨고 '출산 예정일 전이라 교정 나이가 아직 없습니다'가 보인다 (186ms)
  ✓   66 [chromium-mobile] › tests/e2e/f5-copay-relief.spec.ts:12:5 › PC-F5-AC1 — 재태 32주0일이면 '5년 3개월' 구간으로 분류된다 (182ms)
  ✓   67 [chromium-mobile] › tests/e2e/f5-copay-relief.spec.ts:18:5 › PC-F5-AC2 — 재태 28주6일이면 '5년 4개월' 구간으로 분류된다 (179ms)
  ✓   64 [chromium-mobile] › tests/e2e/f4-checkups.spec.ts:38:5 › PC-F4-AC5 — 화면 아래에 데이터 출처와 기준일이 보인다 (199ms)
  ✓   68 [chromium-mobile] › tests/e2e/f5-copay-relief.spec.ts:24:5 › PC-F5-AC3 — 재태 35주0일이면 '5년 2개월' 구간으로 분류된다 (239ms)
  ✓   69 [chromium-mobile] › tests/e2e/f5-copay-relief.spec.ts:30:5 › PC-F5-AC4 — 재태 37주0일 이상이면 '경감 대상이 아닙니다'가 보인다 (181ms)
  ✓   70 [chromium-mobile] › tests/e2e/f5-copay-relief.spec.ts:36:5 › PC-F5-AC5 — 종료 예정일과 '2026년 1월 시행 제도 기준' 문구가 함께 보인다 (189ms)
  ✓   72 [chromium-mobile] › tests/e2e/f6-correction-period.spec.ts:25:5 › PC-F6-AC2 — 재태 27주6일이면 '36개월까지 쓸 수 있음'이 보인다 (183ms)
  ✓   71 [chromium-mobile] › tests/e2e/f6-correction-period.spec.ts:12:5 › PC-F6-AC1 · PC-F6-AC4 — 재태 32주0일·체중 미입력이면 '24개월까지'와 연장 조건, '의료진과 상담해 정하세요'가 보인다 (193ms)
  ✓   73 [chromium-mobile] › tests/e2e/f6-correction-period.spec.ts:31:5 › PC-F6-AC3 — 재태 32주0일·출생 체중 1.4kg이면 '36개월까지 쓸 수 있음'이 보인다 (198ms)
  ✓   74 [chromium-mobile] › tests/e2e/f6-correction-period.spec.ts:39:5 › PC-F6-EX1 — 재태 37주 이상이면 대시보드 quick-links에 이 카드 자체가 없다 (241ms)
  ✓   76 [chromium-mobile] › tests/e2e/f7-share.spec.ts:51:5 › PC-F7-AC3 — 공유 링크 fragment 키는 b·d 두 개뿐이다 (416ms)
  ✓   75 [chromium-mobile] › tests/e2e/f7-share.spec.ts:27:5 › PC-F7-AC1 · PC-NF-PRIV-2 — 이름 '하늘'로 저장한 프로필의 공유 링크와 카드 그리기 입력에 '하늘'이 없다 (475ms)
  ✓   78 [chromium-mobile] › tests/e2e/f7-share.spec.ts:94:5 › PC-F7-EX1 — navigator.share 를 쓸 수 없는 환경에서는 '링크 복사' 버튼이 보인다 (337ms)
  ✓   79 [chromium-mobile] › tests/e2e/f7-share.spec.ts:111:5 › PC-F7-AC5 · AC6 — '결과 문구 복사'를 누르면 클립보드에 생후·교정·공유 링크 문구가 들어가고 이름은 없다 (278ms)
  ✓   81 [chromium-mobile] › tests/e2e/f7-share.spec.ts:140:5 › [curvez-reviewer/ACC-06] navigator.share 가 있어도 '링크 복사' 버튼이 보인다 (210ms)
  ✓   77 [chromium-mobile] › tests/e2e/f7-share.spec.ts:66:5 › PC-F7-AC2 — 공유 링크를 다른 브라우저 컨텍스트(저장값 없음)에서 열면 같은 날짜 기준 같은 결과가 보인다 (705ms)
  ✓   80 [chromium-mobile] › tests/e2e/f7-share.spec.ts:129:5 › PC-F7-AC7 — 복사가 끝나면 '문구를 복사했어요'가 보인다 (296ms)
  ✓   82 [chromium-mobile] › tests/e2e/f7-share.spec.ts:150:5 › [curvez-reviewer/DSG-01] before-due 카드의 fillText 줄 폭이 캔버스 사용 가능 폭(952px) 이하다 (379ms)
  ✓   83 [chromium-mobile] › tests/e2e/formula.spec.ts:14:5 › PC-F15-AC1 · AC2 — 체중 4.0kg → 하루 600~720ml, 재태 37주 미만은 결과보다 먼저 의료진 안내가 보인다 (325ms)
  ✓   85 [chromium-mobile] › tests/e2e/formula.spec.ts:33:5 › PC-F15-EX1 — 체중이 비었거나 범위 밖(0.5~15kg)이면 계산 버튼이 비활성화된다 (190ms)
  ✓   84 [chromium-mobile] › tests/e2e/formula.spec.ts:25:5 › PC-F15-AC3 — 결과 아래에 계수 출처·기준일과 진단 대신 문구가 보인다 (229ms)
  ✓   86 [chromium-mobile] › tests/e2e/formula.spec.ts:41:5 › state:empty(EX2) — 교정 나이가 예정일 이전(범위 밖)이면 '이 시기에는 일반 권장량을 보여주지 않습니다'다 (215ms)
  ✓   87 [chromium-mobile] › tests/e2e/formula.spec.ts:59:5 › focus-order — header.back → 체중 → 계산하기(값을 채워 활성화된 뒤) (192ms)
  ✓   88 [chromium-mobile] › tests/e2e/formula.spec.ts:51:5 › state:coefficient-unconfirmed(EX3) — 교정 나이가 3개월 이상이면 '기준 확인 중'이 보인다 (230ms)
  ✓   89 [chromium-mobile] › tests/e2e/growth.spec.ts:28:5 › state:empty — 기록이 없으면 '아직 기록이 없습니다'가 보이고 entry-form 은 그대로 보인다 (215ms)
  ✓   90 [chromium-mobile] › tests/e2e/growth.spec.ts:34:5 › PC-F8-AC1 — 재태 32주 아이는 측정일의 교정 나이(교정 1개월 기준)로 계산된다 (314ms)
  ✓   91 [chromium-mobile] › tests/e2e/growth.spec.ts:47:5 › PC-F8-AC2 — 백분위이 3 미만이거나 97 초과면 '소아청소년과 상담을 권합니다'가 보인다 (302ms)
  ✓   94 [chromium-mobile] › tests/e2e/growth.spec.ts:86:5 › focus-order — header.back → 측정일 → 키 → 몸무게 → 머리둘레 → 측정자세 → 저장 버튼 (166ms)
  ✓   93 [chromium-mobile] › tests/e2e/growth.spec.ts:77:5 › PC-NF-A11Y-3 — GrowthEntryForm 다섯 필드 모두 접근 가능한 이름(레이블)이 있다 (204ms)
  ✓   92 [chromium-mobile] › tests/e2e/growth.spec.ts:60:5 › PC-F8-AC5 · EX1 — 측정일이 예정일보다 앞서면 백분위 대신 안내 문구가 보이고, 기록은 저장된다 (326ms)
  ✓   95 [chromium-mobile] › tests/e2e/growth.spec.ts:95:5 › PC-NF-MED-1 — 화면에 의료 면책 문구가 보인다 (187ms)
  ✓   96 [chromium-mobile] › tests/e2e/nf-a11y.spec.ts:20:5 › PC-NF-A11Y-1 — 검진 차수 상태(지남/오늘/예정)는 텍스트 라벨과 아이콘을 함께 쓴다 (197ms)
  ✓   97 [chromium-mobile] › tests/e2e/nf-a11y.spec.ts:41:5 › PC-NF-A11Y-1 — 미확정 표시는 색이 아니라 아이콘 + '미확정' 라벨 + 텍스트로 구분된다 (189ms)
  ✓   98 [chromium-mobile] › tests/e2e/nf-a11y.spec.ts:52:5 › PC-NF-A11Y-1 — 성별 선택 항목은 선택되면 색뿐 아니라 아이콘으로도 구분된다 (278ms)
  ✓  101 [chromium-mobile] › tests/e2e/nf-a11y.spec.ts:169:7 › PC-NF-A11Y-2 — input 화면의 주요 텍스트 대비가 4.5:1 이상이다 (194ms)
  ✓  102 [chromium-mobile] › tests/e2e/nf-a11y.spec.ts:169:7 › PC-NF-A11Y-2 — dashboard 화면의 주요 텍스트 대비가 4.5:1 이상이다 (181ms)
  ✓  100 [chromium-mobile] › tests/e2e/nf-a11y.spec.ts:82:5 › PC-NF-A11Y-3 — growth·target-height·formula 입력칸마다 접근 가능한 이름이 있다(8차 라운드) (299ms)
  ✓   99 [chromium-mobile] › tests/e2e/nf-a11y.spec.ts:63:5 › PC-NF-A11Y-3 — 입력칸마다 접근 가능한 이름(레이블)이 있다 (404ms)
  ✓  103 [chromium-mobile] › tests/e2e/nf-a11y.spec.ts:169:7 › PC-NF-A11Y-2 — age-basis 화면의 주요 텍스트 대비가 4.5:1 이상이다 (191ms)
  ✓  104 [chromium-mobile] › tests/e2e/nf-a11y.spec.ts:169:7 › PC-NF-A11Y-2 — checkups 화면의 주요 텍스트 대비가 4.5:1 이상이다 (198ms)
  ✓  105 [chromium-mobile] › tests/e2e/nf-a11y.spec.ts:169:7 › PC-NF-A11Y-2 — copay-relief 화면의 주요 텍스트 대비가 4.5:1 이상이다 (182ms)
  ✓  106 [chromium-mobile] › tests/e2e/nf-a11y.spec.ts:169:7 › PC-NF-A11Y-2 — correction-period 화면의 주요 텍스트 대비가 4.5:1 이상이다 (170ms)
  ✓  108 [chromium-mobile] › tests/e2e/nf-a11y.spec.ts:169:7 › PC-NF-A11Y-2 — guide 화면의 주요 텍스트 대비가 4.5:1 이상이다 (168ms)
  ✓  107 [chromium-mobile] › tests/e2e/nf-a11y.spec.ts:169:7 › PC-NF-A11Y-2 — share 화면의 주요 텍스트 대비가 4.5:1 이상이다 (208ms)
  ✓  109 [chromium-mobile] › tests/e2e/nf-a11y.spec.ts:169:7 › PC-NF-A11Y-2 — growth 화면의 주요 텍스트 대비가 4.5:1 이상이다 (169ms)
  ✓  111 [chromium-mobile] › tests/e2e/nf-a11y.spec.ts:169:7 › PC-NF-A11Y-2 — target-height 화면의 주요 텍스트 대비가 4.5:1 이상이다 (173ms)
  ✓  110 [chromium-mobile] › tests/e2e/nf-a11y.spec.ts:169:7 › PC-NF-A11Y-2 — vaccinations 화면의 주요 텍스트 대비가 4.5:1 이상이다 (218ms)
  ✓  112 [chromium-mobile] › tests/e2e/nf-a11y.spec.ts:169:7 › PC-NF-A11Y-2 — formula 화면의 주요 텍스트 대비가 4.5:1 이상이다 (261ms)
  ✓  116 [chromium-mobile] › tests/e2e/nf-header-layout.spec.ts:137:9 › [디자인 재구성] 헤더 제목 가운데 정렬 — input @ 360px (283ms)
  ✓  117 [chromium-mobile] › tests/e2e/nf-header-layout.spec.ts:137:9 › [디자인 재구성] 헤더 제목 가운데 정렬 — input @ 768px (249ms)
  ✓  118 [chromium-mobile] › tests/e2e/nf-header-layout.spec.ts:137:9 › [디자인 재구성] 헤더 제목 가운데 정렬 — input @ 1280px (365ms)
  ✓  119 [chromium-mobile] › tests/e2e/nf-header-layout.spec.ts:137:9 › [디자인 재구성] 헤더 제목 가운데 정렬 — input-weeks @ 360px (337ms)
  ✓  120 [chromium-mobile] › tests/e2e/nf-header-layout.spec.ts:137:9 › [디자인 재구성] 헤더 제목 가운데 정렬 — input-weeks @ 768px (282ms)
  ✓  121 [chromium-mobile] › tests/e2e/nf-header-layout.spec.ts:137:9 › [디자인 재구성] 헤더 제목 가운데 정렬 — input-weeks @ 1280px (280ms)
  ✓  122 [chromium-mobile] › tests/e2e/nf-header-layout.spec.ts:137:9 › [디자인 재구성] 헤더 제목 가운데 정렬 — dashboard @ 360px (269ms)
  ✓  123 [chromium-mobile] › tests/e2e/nf-header-layout.spec.ts:137:9 › [디자인 재구성] 헤더 제목 가운데 정렬 — dashboard @ 768px (304ms)
[nf-content-width] width=360px
  input              header.x=0.00 header.box=360.00 header.content=328.00 body.x=0.00 body.box=360.00 body.content=328.00
  input-weeks        header.x=0.00 header.box=360.00 header.content=328.00 body.x=0.00 body.box=360.00 body.content=328.00
  dashboard          header.x=0.00 header.box=360.00 header.content=328.00 body.x=0.00 body.box=360.00 body.content=328.00
  age-basis          header.x=0.00 header.box=360.00 header.content=328.00 body.x=0.00 body.box=360.00 body.content=328.00
  checkups           header.x=0.00 header.box=360.00 header.content=328.00 body.x=0.00 body.box=360.00 body.content=328.00
  copay-relief       header.x=0.00 header.box=360.00 header.content=328.00 body.x=0.00 body.box=360.00 body.content=328.00
  correction-period  header.x=0.00 header.box=360.00 header.content=328.00 body.x=0.00 body.box=360.00 body.content=328.00
  share              header.x=0.00 header.box=360.00 header.content=328.00 body.x=0.00 body.box=360.00 body.content=328.00
  guide              header.x=0.00 header.box=360.00 header.content=328.00 body.x=0.00 body.box=360.00 body.content=328.00
  growth             header.x=0.00 header.box=360.00 header.content=328.00 body.x=0.00 body.box=360.00 body.content=328.00
  vaccinations       header.x=0.00 header.box=360.00 header.content=328.00 body.x=0.00 body.box=360.00 body.content=328.00
  target-height      header.x=0.00 header.box=360.00 header.content=328.00 body.x=0.00 body.box=360.00 body.content=328.00
  formula            header.x=0.00 header.box=360.00 header.content=328.00 body.x=0.00 body.box=360.00 body.content=328.00
  ✓  124 [chromium-mobile] › tests/e2e/nf-header-layout.spec.ts:137:9 › [디자인 재구성] 헤더 제목 가운데 정렬 — dashboard @ 1280px (279ms)
[nf-content-width] width=768px
  input              header.x=8.00 header.box=752.00 header.content=720.00 body.x=8.00 body.box=752.00 body.content=720.00
  input-weeks        header.x=8.00 header.box=752.00 header.content=720.00 body.x=8.00 body.box=752.00 body.content=720.00
  dashboard          header.x=8.00 header.box=752.00 header.content=720.00 body.x=8.00 body.box=752.00 body.content=720.00
  age-basis          header.x=8.00 header.box=752.00 header.content=720.00 body.x=8.00 body.box=752.00 body.content=720.00
  checkups           header.x=8.00 header.box=752.00 header.content=720.00 body.x=8.00 body.box=752.00 body.content=720.00
  copay-relief       header.x=8.00 header.box=752.00 header.content=720.00 body.x=8.00 body.box=752.00 body.content=720.00
  correction-period  header.x=8.00 header.box=752.00 header.content=720.00 body.x=8.00 body.box=752.00 body.content=720.00
  share              header.x=8.00 header.box=752.00 header.content=720.00 body.x=8.00 body.box=752.00 body.content=720.00
  guide              header.x=8.00 header.box=752.00 header.content=720.00 body.x=8.00 body.box=752.00 body.content=720.00
  growth             header.x=8.00 header.box=752.00 header.content=720.00 body.x=8.00 body.box=752.00 body.content=720.00
  vaccinations       header.x=8.00 header.box=752.00 header.content=720.00 body.x=8.00 body.box=752.00 body.content=720.00
  target-height      header.x=8.00 header.box=752.00 header.content=720.00 body.x=8.00 body.box=752.00 body.content=720.00
  formula            header.x=8.00 header.box=752.00 header.content=720.00 body.x=8.00 body.box=752.00 body.content=720.00
  ✓  113 [chromium-mobile] › tests/e2e/nf-content-width.spec.ts:209:7 › [디자인 재구성 8차] 360px 에서 13개 화면의 본문·헤더 글 영역 폭이 모두 같다 (1.7s)
[nf-content-width] width=1280px
  input              header.x=248.00 header.box=784.00 header.content=720.00 body.x=248.00 body.box=784.00 body.content=720.00
  input-weeks        header.x=248.00 header.box=784.00 header.content=720.00 body.x=248.00 body.box=784.00 body.content=720.00
  dashboard          header.x=248.00 header.box=784.00 header.content=720.00 body.x=248.00 body.box=784.00 body.content=720.00
  age-basis          header.x=248.00 header.box=784.00 header.content=720.00 body.x=248.00 body.box=784.00 body.content=720.00
  checkups           header.x=248.00 header.box=784.00 header.content=720.00 body.x=248.00 body.box=784.00 body.content=720.00
  copay-relief       header.x=248.00 header.box=784.00 header.content=720.00 body.x=248.00 body.box=784.00 body.content=720.00
  correction-period  header.x=248.00 header.box=784.00 header.content=720.00 body.x=248.00 body.box=784.00 body.content=720.00
  share              header.x=248.00 header.box=784.00 header.content=720.00 body.x=248.00 body.box=784.00 body.content=720.00
  guide              header.x=248.00 header.box=784.00 header.content=720.00 body.x=248.00 body.box=784.00 body.content=720.00
  growth             header.x=248.00 header.box=784.00 header.content=720.00 body.x=248.00 body.box=784.00 body.content=720.00
  vaccinations       header.x=248.00 header.box=784.00 header.content=720.00 body.x=248.00 body.box=784.00 body.content=720.00
  target-height      header.x=248.00 header.box=784.00 header.content=720.00 body.x=248.00 body.box=784.00 body.content=720.00
  formula            header.x=248.00 header.box=784.00 header.content=720.00 body.x=248.00 body.box=784.00 body.content=720.00
  ✓  114 [chromium-mobile] › tests/e2e/nf-content-width.spec.ts:209:7 › [디자인 재구성 8차] 768px 에서 13개 화면의 본문·헤더 글 영역 폭이 모두 같다 (1.7s)
  ✓  115 [chromium-mobile] › tests/e2e/nf-content-width.spec.ts:209:7 › [디자인 재구성 8차] 1280px 에서 13개 화면의 본문·헤더 글 영역 폭이 모두 같다 (1.6s)
  ✓  125 [chromium-mobile] › tests/e2e/nf-header-layout.spec.ts:137:9 › [디자인 재구성] 헤더 제목 가운데 정렬 — age-basis @ 360px (225ms)
  ✓  126 [chromium-mobile] › tests/e2e/nf-header-layout.spec.ts:137:9 › [디자인 재구성] 헤더 제목 가운데 정렬 — age-basis @ 768px (226ms)
  ✓  127 [chromium-mobile] › tests/e2e/nf-header-layout.spec.ts:137:9 › [디자인 재구성] 헤더 제목 가운데 정렬 — age-basis @ 1280px (205ms)
  ✓  128 [chromium-mobile] › tests/e2e/nf-header-layout.spec.ts:137:9 › [디자인 재구성] 헤더 제목 가운데 정렬 — checkups @ 360px (226ms)
  ✓  129 [chromium-mobile] › tests/e2e/nf-header-layout.spec.ts:137:9 › [디자인 재구성] 헤더 제목 가운데 정렬 — checkups @ 768px (216ms)
  ✓  130 [chromium-mobile] › tests/e2e/nf-header-layout.spec.ts:137:9 › [디자인 재구성] 헤더 제목 가운데 정렬 — checkups @ 1280px (216ms)
  ✓  131 [chromium-mobile] › tests/e2e/nf-header-layout.spec.ts:137:9 › [디자인 재구성] 헤더 제목 가운데 정렬 — copay-relief @ 360px (213ms)
  ✓  132 [chromium-mobile] › tests/e2e/nf-header-layout.spec.ts:137:9 › [디자인 재구성] 헤더 제목 가운데 정렬 — copay-relief @ 768px (222ms)
  ✓  133 [chromium-mobile] › tests/e2e/nf-header-layout.spec.ts:137:9 › [디자인 재구성] 헤더 제목 가운데 정렬 — copay-relief @ 1280px (209ms)
  ✓  134 [chromium-mobile] › tests/e2e/nf-header-layout.spec.ts:137:9 › [디자인 재구성] 헤더 제목 가운데 정렬 — correction-period @ 360px (224ms)
  ✓  135 [chromium-mobile] › tests/e2e/nf-header-layout.spec.ts:137:9 › [디자인 재구성] 헤더 제목 가운데 정렬 — correction-period @ 768px (274ms)
  ✓  136 [chromium-mobile] › tests/e2e/nf-header-layout.spec.ts:137:9 › [디자인 재구성] 헤더 제목 가운데 정렬 — correction-period @ 1280px (216ms)
  ✓  137 [chromium-mobile] › tests/e2e/nf-header-layout.spec.ts:137:9 › [디자인 재구성] 헤더 제목 가운데 정렬 — share @ 360px (201ms)
  ✓  138 [chromium-mobile] › tests/e2e/nf-header-layout.spec.ts:137:9 › [디자인 재구성] 헤더 제목 가운데 정렬 — share @ 768px (200ms)
  ✓  139 [chromium-mobile] › tests/e2e/nf-header-layout.spec.ts:137:9 › [디자인 재구성] 헤더 제목 가운데 정렬 — share @ 1280px (221ms)
  ✓  140 [chromium-mobile] › tests/e2e/nf-header-layout.spec.ts:137:9 › [디자인 재구성] 헤더 제목 가운데 정렬 — guide @ 360px (253ms)
  ✓  142 [chromium-mobile] › tests/e2e/nf-header-layout.spec.ts:137:9 › [디자인 재구성] 헤더 제목 가운데 정렬 — guide @ 1280px (218ms)
  ✓  141 [chromium-mobile] › tests/e2e/nf-header-layout.spec.ts:137:9 › [디자인 재구성] 헤더 제목 가운데 정렬 — guide @ 768px (225ms)
  ✓  143 [chromium-mobile] › tests/e2e/nf-header-layout.spec.ts:172:9 › [디자인 재구성, DSG-05 회귀] 헤더 제목-좌우 버튼 겹침 없음 — input @ 360px (226ms)
  ✓  144 [chromium-mobile] › tests/e2e/nf-header-layout.spec.ts:172:9 › [디자인 재구성, DSG-05 회귀] 헤더 제목-좌우 버튼 겹침 없음 — input @ 390px (287ms)
  ✓  145 [chromium-mobile] › tests/e2e/nf-header-layout.spec.ts:172:9 › [디자인 재구성, DSG-05 회귀] 헤더 제목-좌우 버튼 겹침 없음 — input @ 768px (228ms)
  ✓  147 [chromium-mobile] › tests/e2e/nf-header-layout.spec.ts:172:9 › [디자인 재구성, DSG-05 회귀] 헤더 제목-좌우 버튼 겹침 없음 — input-weeks @ 360px (219ms)
  ✓  146 [chromium-mobile] › tests/e2e/nf-header-layout.spec.ts:172:9 › [디자인 재구성, DSG-05 회귀] 헤더 제목-좌우 버튼 겹침 없음 — input @ 1280px (220ms)
  ✓  148 [chromium-mobile] › tests/e2e/nf-header-layout.spec.ts:172:9 › [디자인 재구성, DSG-05 회귀] 헤더 제목-좌우 버튼 겹침 없음 — input-weeks @ 390px (216ms)
  ✓  149 [chromium-mobile] › tests/e2e/nf-header-layout.spec.ts:172:9 › [디자인 재구성, DSG-05 회귀] 헤더 제목-좌우 버튼 겹침 없음 — input-weeks @ 768px (278ms)
  ✓  150 [chromium-mobile] › tests/e2e/nf-header-layout.spec.ts:172:9 › [디자인 재구성, DSG-05 회귀] 헤더 제목-좌우 버튼 겹침 없음 — input-weeks @ 1280px (306ms)
  ✓  152 [chromium-mobile] › tests/e2e/nf-header-layout.spec.ts:172:9 › [디자인 재구성, DSG-05 회귀] 헤더 제목-좌우 버튼 겹침 없음 — dashboard @ 390px (307ms)
  ✓  151 [chromium-mobile] › tests/e2e/nf-header-layout.spec.ts:172:9 › [디자인 재구성, DSG-05 회귀] 헤더 제목-좌우 버튼 겹침 없음 — dashboard @ 360px (312ms)
  ✓  153 [chromium-mobile] › tests/e2e/nf-header-layout.spec.ts:172:9 › [디자인 재구성, DSG-05 회귀] 헤더 제목-좌우 버튼 겹침 없음 — dashboard @ 768px (305ms)
  ✓  154 [chromium-mobile] › tests/e2e/nf-header-layout.spec.ts:172:9 › [디자인 재구성, DSG-05 회귀] 헤더 제목-좌우 버튼 겹침 없음 — dashboard @ 1280px (351ms)
  ✓  155 [chromium-mobile] › tests/e2e/nf-header-layout.spec.ts:172:9 › [디자인 재구성, DSG-05 회귀] 헤더 제목-좌우 버튼 겹침 없음 — age-basis @ 360px (286ms)
  ✓  156 [chromium-mobile] › tests/e2e/nf-header-layout.spec.ts:172:9 › [디자인 재구성, DSG-05 회귀] 헤더 제목-좌우 버튼 겹침 없음 — age-basis @ 390px (277ms)
  ✓  157 [chromium-mobile] › tests/e2e/nf-header-layout.spec.ts:172:9 › [디자인 재구성, DSG-05 회귀] 헤더 제목-좌우 버튼 겹침 없음 — age-basis @ 768px (291ms)
  ✓  158 [chromium-mobile] › tests/e2e/nf-header-layout.spec.ts:172:9 › [디자인 재구성, DSG-05 회귀] 헤더 제목-좌우 버튼 겹침 없음 — age-basis @ 1280px (340ms)
  ✓  161 [chromium-mobile] › tests/e2e/nf-header-layout.spec.ts:172:9 › [디자인 재구성, DSG-05 회귀] 헤더 제목-좌우 버튼 겹침 없음 — checkups @ 768px (237ms)
  ✓  159 [chromium-mobile] › tests/e2e/nf-header-layout.spec.ts:172:9 › [디자인 재구성, DSG-05 회귀] 헤더 제목-좌우 버튼 겹침 없음 — checkups @ 360px (265ms)
  ✓  160 [chromium-mobile] › tests/e2e/nf-header-layout.spec.ts:172:9 › [디자인 재구성, DSG-05 회귀] 헤더 제목-좌우 버튼 겹침 없음 — checkups @ 390px (243ms)
  ✓  162 [chromium-mobile] › tests/e2e/nf-header-layout.spec.ts:172:9 › [디자인 재구성, DSG-05 회귀] 헤더 제목-좌우 버튼 겹침 없음 — checkups @ 1280px (236ms)
  ✓  163 [chromium-mobile] › tests/e2e/nf-header-layout.spec.ts:172:9 › [디자인 재구성, DSG-05 회귀] 헤더 제목-좌우 버튼 겹침 없음 — copay-relief @ 360px (231ms)
  ✓  166 [chromium-mobile] › tests/e2e/nf-header-layout.spec.ts:172:9 › [디자인 재구성, DSG-05 회귀] 헤더 제목-좌우 버튼 겹침 없음 — copay-relief @ 1280px (227ms)
  ✓  167 [chromium-mobile] › tests/e2e/nf-header-layout.spec.ts:172:9 › [디자인 재구성, DSG-05 회귀] 헤더 제목-좌우 버튼 겹침 없음 — correction-period @ 360px (212ms)
  ✓  164 [chromium-mobile] › tests/e2e/nf-header-layout.spec.ts:172:9 › [디자인 재구성, DSG-05 회귀] 헤더 제목-좌우 버튼 겹침 없음 — copay-relief @ 390px (229ms)
  ✓  165 [chromium-mobile] › tests/e2e/nf-header-layout.spec.ts:172:9 › [디자인 재구성, DSG-05 회귀] 헤더 제목-좌우 버튼 겹침 없음 — copay-relief @ 768px (233ms)
  ✓  168 [chromium-mobile] › tests/e2e/nf-header-layout.spec.ts:172:9 › [디자인 재구성, DSG-05 회귀] 헤더 제목-좌우 버튼 겹침 없음 — correction-period @ 390px (295ms)
  ✓  171 [chromium-mobile] › tests/e2e/nf-header-layout.spec.ts:172:9 › [디자인 재구성, DSG-05 회귀] 헤더 제목-좌우 버튼 겹침 없음 — share @ 360px (207ms)
  ✓  169 [chromium-mobile] › tests/e2e/nf-header-layout.spec.ts:172:9 › [디자인 재구성, DSG-05 회귀] 헤더 제목-좌우 버튼 겹침 없음 — correction-period @ 768px (223ms)
  ✓  172 [chromium-mobile] › tests/e2e/nf-header-layout.spec.ts:172:9 › [디자인 재구성, DSG-05 회귀] 헤더 제목-좌우 버튼 겹침 없음 — share @ 390px (218ms)
  ✓  170 [chromium-mobile] › tests/e2e/nf-header-layout.spec.ts:172:9 › [디자인 재구성, DSG-05 회귀] 헤더 제목-좌우 버튼 겹침 없음 — correction-period @ 1280px (232ms)
  ✓  173 [chromium-mobile] › tests/e2e/nf-header-layout.spec.ts:172:9 › [디자인 재구성, DSG-05 회귀] 헤더 제목-좌우 버튼 겹침 없음 — share @ 768px (226ms)
  ✓  174 [chromium-mobile] › tests/e2e/nf-header-layout.spec.ts:172:9 › [디자인 재구성, DSG-05 회귀] 헤더 제목-좌우 버튼 겹침 없음 — share @ 1280px (219ms)
  ✓  175 [chromium-mobile] › tests/e2e/nf-header-layout.spec.ts:172:9 › [디자인 재구성, DSG-05 회귀] 헤더 제목-좌우 버튼 겹침 없음 — guide @ 360px (218ms)
  ✓  176 [chromium-mobile] › tests/e2e/nf-header-layout.spec.ts:172:9 › [디자인 재구성, DSG-05 회귀] 헤더 제목-좌우 버튼 겹침 없음 — guide @ 390px (220ms)
  ✓  177 [chromium-mobile] › tests/e2e/nf-header-layout.spec.ts:172:9 › [디자인 재구성, DSG-05 회귀] 헤더 제목-좌우 버튼 겹침 없음 — guide @ 768px (223ms)
  ✓  178 [chromium-mobile] › tests/e2e/nf-header-layout.spec.ts:172:9 › [디자인 재구성, DSG-05 회귀] 헤더 제목-좌우 버튼 겹침 없음 — guide @ 1280px (263ms)
  ✓  182 [chromium-mobile] › tests/e2e/nf-med.spec.ts:26:7 › PC-NF-MED-1 — dashboard 화면에 의료 면책 문구가 보인다 (202ms)
  ✓  179 [chromium-mobile] › tests/e2e/nf-header-layout.spec.ts:238:7 › [디자인 재구성 8차] 360px 에서 대시보드는 1열이다(나이 카드·바로가기·공유·면책의 왼쪽 x 가 같고 세로 순서가 지켜진다) (261ms)
  ✓  180 [chromium-mobile] › tests/e2e/nf-header-layout.spec.ts:238:7 › [디자인 재구성 8차] 768px 에서 대시보드는 1열이다(나이 카드·바로가기·공유·면책의 왼쪽 x 가 같고 세로 순서가 지켜진다) (254ms)
  ✓  181 [chromium-mobile] › tests/e2e/nf-header-layout.spec.ts:238:7 › [디자인 재구성 8차] 1280px 에서 대시보드는 1열이다(나이 카드·바로가기·공유·면책의 왼쪽 x 가 같고 세로 순서가 지켜진다) (249ms)
  ✓  183 [chromium-mobile] › tests/e2e/nf-med.spec.ts:26:7 › PC-NF-MED-1 — age-basis 화면에 의료 면책 문구가 보인다 (224ms)
  ✓  185 [chromium-mobile] › tests/e2e/nf-med.spec.ts:26:7 › PC-NF-MED-1 — copay-relief 화면에 의료 면책 문구가 보인다 (193ms)
  ✓  187 [chromium-mobile] › tests/e2e/nf-med.spec.ts:26:7 › PC-NF-MED-1 — share 화면에 의료 면책 문구가 보인다 (188ms)
  ✓  184 [chromium-mobile] › tests/e2e/nf-med.spec.ts:26:7 › PC-NF-MED-1 — checkups 화면에 의료 면책 문구가 보인다 (222ms)
  ✓  186 [chromium-mobile] › tests/e2e/nf-med.spec.ts:26:7 › PC-NF-MED-1 — correction-period 화면에 의료 면책 문구가 보인다 (192ms)
  ✓  188 [chromium-mobile] › tests/e2e/nf-med.spec.ts:26:7 › PC-NF-MED-1 — guide 화면에 의료 면책 문구가 보인다 (209ms)
  ✓  192 [chromium-mobile] › tests/e2e/nf-med.spec.ts:26:7 › PC-NF-MED-1 — formula 화면에 의료 면책 문구가 보인다 (201ms)
  ✓  189 [chromium-mobile] › tests/e2e/nf-med.spec.ts:26:7 › PC-NF-MED-1 — growth 화면에 의료 면책 문구가 보인다 (211ms)
  ✓  191 [chromium-mobile] › tests/e2e/nf-med.spec.ts:26:7 › PC-NF-MED-1 — target-height 화면에 의료 면책 문구가 보인다 (208ms)
  ✓  190 [chromium-mobile] › tests/e2e/nf-med.spec.ts:26:7 › PC-NF-MED-1 — vaccinations 화면에 의료 면책 문구가 보인다 (223ms)
  ✓  196 [chromium-mobile] › tests/e2e/nf-mobile.spec.ts:75:7 › PC-NF-MOBILE-1·2·3 — age-basis 화면 (236ms)
  ✓  197 [chromium-mobile] › tests/e2e/nf-mobile.spec.ts:75:7 › PC-NF-MOBILE-1·2·3 — copay-relief 화면 (226ms)
  ✓  193 [chromium-mobile] › tests/e2e/nf-mobile.spec.ts:75:7 › PC-NF-MOBILE-1·2·3 — checkups 화면 (240ms)
  ✓  194 [chromium-mobile] › tests/e2e/nf-mobile.spec.ts:75:7 › PC-NF-MOBILE-1·2·3 — input 화면 (244ms)
  ✓  195 [chromium-mobile] › tests/e2e/nf-mobile.spec.ts:75:7 › PC-NF-MOBILE-1·2·3 — dashboard 화면 (305ms)
  ✓  200 [chromium-mobile] › tests/e2e/nf-mobile.spec.ts:75:7 › PC-NF-MOBILE-1·2·3 — guide 화면 (233ms)
  ✓  199 [chromium-mobile] › tests/e2e/nf-mobile.spec.ts:75:7 › PC-NF-MOBILE-1·2·3 — share 화면 (233ms)
  ✓  198 [chromium-mobile] › tests/e2e/nf-mobile.spec.ts:75:7 › PC-NF-MOBILE-1·2·3 — correction-period 화면 (240ms)
  ✓  201 [chromium-mobile] › tests/e2e/nf-mobile.spec.ts:75:7 › PC-NF-MOBILE-1·2·3 — growth 화면 (253ms)
  ✓  202 [chromium-mobile] › tests/e2e/nf-mobile.spec.ts:75:7 › PC-NF-MOBILE-1·2·3 — vaccinations 화면 (230ms)
  ✓  205 [chromium-mobile] › tests/e2e/nf-mobile.spec.ts:90:5 › PC-NF-MOBILE-1·2·3 — copay-relief 경계값(재태일수 203일, 5년 4개월 확정) (210ms)
  ✓  203 [chromium-mobile] › tests/e2e/nf-mobile.spec.ts:75:7 › PC-NF-MOBILE-1·2·3 — target-height 화면 (223ms)
  ✓  204 [chromium-mobile] › tests/e2e/nf-mobile.spec.ts:75:7 › PC-NF-MOBILE-1·2·3 — formula 화면 (226ms)
  ✓  207 [chromium-mobile] › tests/e2e/nf-visual-defects-regression.spec.ts:120:9 › [시각 결함 회귀] body keep-all + 버튼·링크 라벨 한 줄 — input @ 360px (278ms)
  ✓  209 [chromium-mobile] › tests/e2e/nf-visual-defects-regression.spec.ts:120:9 › [시각 결함 회귀] body keep-all + 버튼·링크 라벨 한 줄 — input @ 768px (215ms)
  ✓  208 [chromium-mobile] › tests/e2e/nf-visual-defects-regression.spec.ts:120:9 › [시각 결함 회귀] body keep-all + 버튼·링크 라벨 한 줄 — input @ 390px (223ms)
  ✓  210 [chromium-mobile] › tests/e2e/nf-visual-defects-regression.spec.ts:120:9 › [시각 결함 회귀] body keep-all + 버튼·링크 라벨 한 줄 — input @ 1280px (225ms)
  ✓  206 [chromium-mobile] › tests/e2e/nf-privacy.spec.ts:12:5 › PC-NF-PRIV-1 — 프로필 입력·저장·대시보드 조회·프로필 편집 동안 나가는 요청에 이름·출생일·예정일 값이 없다 (503ms)
  ✓  211 [chromium-mobile] › tests/e2e/nf-visual-defects-regression.spec.ts:120:9 › [시각 결함 회귀] body keep-all + 버튼·링크 라벨 한 줄 — input-weeks @ 360px (249ms)
  ✓  212 [chromium-mobile] › tests/e2e/nf-visual-defects-regression.spec.ts:120:9 › [시각 결함 회귀] body keep-all + 버튼·링크 라벨 한 줄 — input-weeks @ 390px (197ms)
  ✓  214 [chromium-mobile] › tests/e2e/nf-visual-defects-regression.spec.ts:120:9 › [시각 결함 회귀] body keep-all + 버튼·링크 라벨 한 줄 — input-weeks @ 1280px (188ms)
  ✓  213 [chromium-mobile] › tests/e2e/nf-visual-defects-regression.spec.ts:120:9 › [시각 결함 회귀] body keep-all + 버튼·링크 라벨 한 줄 — input-weeks @ 768px (191ms)
  ✓  215 [chromium-mobile] › tests/e2e/nf-visual-defects-regression.spec.ts:120:9 › [시각 결함 회귀] body keep-all + 버튼·링크 라벨 한 줄 — dashboard @ 360px (215ms)
  ✓  217 [chromium-mobile] › tests/e2e/nf-visual-defects-regression.spec.ts:120:9 › [시각 결함 회귀] body keep-all + 버튼·링크 라벨 한 줄 — dashboard @ 1280px (216ms)
  ✓  216 [chromium-mobile] › tests/e2e/nf-visual-defects-regression.spec.ts:120:9 › [시각 결함 회귀] body keep-all + 버튼·링크 라벨 한 줄 — dashboard @ 390px (265ms)
  ✓  219 [chromium-mobile] › tests/e2e/nf-visual-defects-regression.spec.ts:120:9 › [시각 결함 회귀] body keep-all + 버튼·링크 라벨 한 줄 — age-basis @ 360px (217ms)
  ✓  218 [chromium-mobile] › tests/e2e/nf-visual-defects-regression.spec.ts:120:9 › [시각 결함 회귀] body keep-all + 버튼·링크 라벨 한 줄 — dashboard @ 768px (219ms)
  ✓  220 [chromium-mobile] › tests/e2e/nf-visual-defects-regression.spec.ts:120:9 › [시각 결함 회귀] body keep-all + 버튼·링크 라벨 한 줄 — age-basis @ 390px (223ms)
  ✓  222 [chromium-mobile] › tests/e2e/nf-visual-defects-regression.spec.ts:120:9 › [시각 결함 회귀] body keep-all + 버튼·링크 라벨 한 줄 — age-basis @ 1280px (195ms)
  ✓  221 [chromium-mobile] › tests/e2e/nf-visual-defects-regression.spec.ts:120:9 › [시각 결함 회귀] body keep-all + 버튼·링크 라벨 한 줄 — age-basis @ 768px (206ms)
  ✓  223 [chromium-mobile] › tests/e2e/nf-visual-defects-regression.spec.ts:120:9 › [시각 결함 회귀] body keep-all + 버튼·링크 라벨 한 줄 — checkups @ 360px (204ms)
  ✓  224 [chromium-mobile] › tests/e2e/nf-visual-defects-regression.spec.ts:120:9 › [시각 결함 회귀] body keep-all + 버튼·링크 라벨 한 줄 — checkups @ 390px (203ms)
  ✓  225 [chromium-mobile] › tests/e2e/nf-visual-defects-regression.spec.ts:120:9 › [시각 결함 회귀] body keep-all + 버튼·링크 라벨 한 줄 — checkups @ 768px (231ms)
  ✓  227 [chromium-mobile] › tests/e2e/nf-visual-defects-regression.spec.ts:120:9 › [시각 결함 회귀] body keep-all + 버튼·링크 라벨 한 줄 — copay-relief @ 360px (183ms)
  ✓  228 [chromium-mobile] › tests/e2e/nf-visual-defects-regression.spec.ts:120:9 › [시각 결함 회귀] body keep-all + 버튼·링크 라벨 한 줄 — copay-relief @ 390px (182ms)
  ✓  229 [chromium-mobile] › tests/e2e/nf-visual-defects-regression.spec.ts:120:9 › [시각 결함 회귀] body keep-all + 버튼·링크 라벨 한 줄 — copay-relief @ 768px (183ms)
  ✓  226 [chromium-mobile] › tests/e2e/nf-visual-defects-regression.spec.ts:120:9 › [시각 결함 회귀] body keep-all + 버튼·링크 라벨 한 줄 — checkups @ 1280px (195ms)
  ✓  230 [chromium-mobile] › tests/e2e/nf-visual-defects-regression.spec.ts:120:9 › [시각 결함 회귀] body keep-all + 버튼·링크 라벨 한 줄 — copay-relief @ 1280px (203ms)
  ✓  233 [chromium-mobile] › tests/e2e/nf-visual-defects-regression.spec.ts:120:9 › [시각 결함 회귀] body keep-all + 버튼·링크 라벨 한 줄 — correction-period @ 768px (194ms)
  ✓  232 [chromium-mobile] › tests/e2e/nf-visual-defects-regression.spec.ts:120:9 › [시각 결함 회귀] body keep-all + 버튼·링크 라벨 한 줄 — correction-period @ 390px (197ms)
  ✓  231 [chromium-mobile] › tests/e2e/nf-visual-defects-regression.spec.ts:120:9 › [시각 결함 회귀] body keep-all + 버튼·링크 라벨 한 줄 — correction-period @ 360px (196ms)
  ✓  234 [chromium-mobile] › tests/e2e/nf-visual-defects-regression.spec.ts:120:9 › [시각 결함 회귀] body keep-all + 버튼·링크 라벨 한 줄 — correction-period @ 1280px (195ms)
  ✓  235 [chromium-mobile] › tests/e2e/nf-visual-defects-regression.spec.ts:120:9 › [시각 결함 회귀] body keep-all + 버튼·링크 라벨 한 줄 — share @ 360px (252ms)
  ✓  238 [chromium-mobile] › tests/e2e/nf-visual-defects-regression.spec.ts:120:9 › [시각 결함 회귀] body keep-all + 버튼·링크 라벨 한 줄 — share @ 1280px (199ms)
  ✓  239 [chromium-mobile] › tests/e2e/nf-visual-defects-regression.spec.ts:120:9 › [시각 결함 회귀] body keep-all + 버튼·링크 라벨 한 줄 — guide @ 360px (198ms)
  ✓  236 [chromium-mobile] › tests/e2e/nf-visual-defects-regression.spec.ts:120:9 › [시각 결함 회귀] body keep-all + 버튼·링크 라벨 한 줄 — share @ 390px (201ms)
  ✓  237 [chromium-mobile] › tests/e2e/nf-visual-defects-regression.spec.ts:120:9 › [시각 결함 회귀] body keep-all + 버튼·링크 라벨 한 줄 — share @ 768px (203ms)
  ✓  241 [chromium-mobile] › tests/e2e/nf-visual-defects-regression.spec.ts:120:9 › [시각 결함 회귀] body keep-all + 버튼·링크 라벨 한 줄 — guide @ 768px (227ms)
  ✓  242 [chromium-mobile] › tests/e2e/nf-visual-defects-regression.spec.ts:120:9 › [시각 결함 회귀] body keep-all + 버튼·링크 라벨 한 줄 — guide @ 1280px (227ms)
  ✓  240 [chromium-mobile] › tests/e2e/nf-visual-defects-regression.spec.ts:120:9 › [시각 결함 회귀] body keep-all + 버튼·링크 라벨 한 줄 — guide @ 390px (231ms)
  ✓  243 [chromium-mobile] › tests/e2e/nf-visual-defects-regression.spec.ts:179:9 › [시각 결함 회귀] 나이 카드 값 조각 줄바꿈 없음 — dashboard @ 360px (260ms)
  ✓  244 [chromium-mobile] › tests/e2e/nf-visual-defects-regression.spec.ts:179:9 › [시각 결함 회귀] 나이 카드 값 조각 줄바꿈 없음 — dashboard @ 390px (262ms)
  ✓  247 [chromium-mobile] › tests/e2e/nf-visual-defects-regression.spec.ts:179:9 › [시각 결함 회귀] 나이 카드 값 조각 줄바꿈 없음 — share @ 360px (259ms)
  ✓  248 [chromium-mobile] › tests/e2e/nf-visual-defects-regression.spec.ts:179:9 › [시각 결함 회귀] 나이 카드 값 조각 줄바꿈 없음 — share @ 390px (234ms)
  ✓  246 [chromium-mobile] › tests/e2e/nf-visual-defects-regression.spec.ts:179:9 › [시각 결함 회귀] 나이 카드 값 조각 줄바꿈 없음 — dashboard @ 768px (264ms)
  ✓  245 [chromium-mobile] › tests/e2e/nf-visual-defects-regression.spec.ts:179:9 › [시각 결함 회귀] 나이 카드 값 조각 줄바꿈 없음 — dashboard @ 1280px (269ms)
  ✓  249 [chromium-mobile] › tests/e2e/nf-visual-defects-regression.spec.ts:179:9 › [시각 결함 회귀] 나이 카드 값 조각 줄바꿈 없음 — share @ 768px (236ms)
  ✓  252 [chromium-mobile] › tests/e2e/target-height.spec.ts:14:5 › state:empty — 계산 전(초기)에는 result 영역이 그려지지 않는다 (203ms)
  ✓  250 [chromium-mobile] › tests/e2e/nf-visual-defects-regression.spec.ts:179:9 › [시각 결함 회귀] 나이 카드 값 조각 줄바꿈 없음 — share @ 1280px (243ms)
  ✓  251 [chromium-mobile] › tests/e2e/nf-visual-defects-regression.spec.ts:229:5 › [시각 결함 회귀] 1280px 대시보드에서 "+ 아이 추가" 버튼이 카드와 같은 왼쪽 선에 있다 (249ms)
  ✓  253 [chromium-mobile] › tests/e2e/target-height.spec.ts:21:5 › PC-F14-AC1 — 아빠 175cm, 엄마 162cm, 남아 → '목표키 참고 175.0cm (168.5~181.5cm)' (260ms)
  ✓  254 [chromium-mobile] › tests/e2e/target-height.spec.ts:36:5 › PC-F14-AC2 — 같은 부모 키, 여아 → '목표키 참고 162.0cm (155.5~168.5cm)' (261ms)
  ✓  257 [chromium-mobile] › tests/e2e/target-height.spec.ts:68:5 › focus-order — header.back → 아빠키 → 엄마키 → 계산하기(값을 채워 활성화된 뒤) (189ms)
  ✓  256 [chromium-mobile] › tests/e2e/target-height.spec.ts:59:5 › PC-F14-EX1 — 부모 키가 비었거나 범위 밖이면 계산 버튼이 비활성화되고 에러 문구가 보인다 (201ms)
  ✓  258 [chromium-mobile] › tests/e2e/target-height.spec.ts:77:5 › PC-NF-MED-1 — 화면에 의료 면책 문구가 보인다 (187ms)
  ✓  255 [chromium-mobile] › tests/e2e/target-height.spec.ts:49:5 › PC-F14-AC3 — 결과 아래에 고정 문구와 계산식 출처가 보인다 (262ms)
  ✓  259 [chromium-mobile] › tests/e2e/vaccinations.spec.ts:19:5 › PC-F10-AC1 — 생후 2개월 접종(DTaP 1차)은 2026-05-01 로 표시되고 '교정 5일'이 보인다 (213ms)
  ✓  262 [chromium-mobile] › tests/e2e/vaccinations.spec.ts:56:5 › a11y:label — 체크박스 접근 이름이 '{백신명} {차수} 완료로 표시' 형식이다 (191ms)
  ✓  263 [chromium-mobile] › tests/e2e/vaccinations.spec.ts:63:5 › PC-NF-MED-1 — 화면에 의료 면책 문구가 보인다 (187ms)
  ✓  260 [chromium-mobile] › tests/e2e/vaccinations.spec.ts:27:5 › PC-F10-AC2 — 완료 체크한 접종은 완료, 7일 이내 남은 접종은 임박, 지나고 미체크면 놓침이다 (243ms)
  ✓  261 [chromium-mobile] › tests/e2e/vaccinations.spec.ts:43:5 › PC-F10-AC3 — 완료 체크는 새로 열어도 유지된다 (288ms)

  263 passed (22.5s)
