$ playwright test

Running 189 tests using 5 workers

  ✓    4 [chromium-mobile] › tests/e2e/err-handling.spec.ts:43:5 › [curvez-reviewer/ERR-02] 프로필이 이미 있어도 localStorage 읽기가 막히면 '저장 공간을 사용할 수 없습니다'를 보인다 (393ms)
  ✓    2 [chromium-mobile] › tests/e2e/err-handling.spec.ts:23:5 › [curvez-reviewer/ERR-02] localStorage 가 예외를 던지는 환경에서 /dashboard 는 예외 없이 '저장 공간을 사용할 수 없습니다'를 보인다 (391ms)
  ✓    3 [chromium-mobile] › tests/e2e/err-handling.spec.ts:9:5 › [curvez-reviewer/ERR-02] localStorage 가 예외를 던지는 환경에서도 첫 화면('/')이 깨지지 않는다 (412ms)
  ✓    5 [chromium-mobile] › tests/e2e/f1-profile.spec.ts:11:7 › PC-F1-AC1 · PC-NF-MOBILE-4 — 첫 화면에는 입력칸과 버튼만 보인다 › 입력칸 3종(출생일·출산예정일·성별) + 주수전환 + 저장 버튼만 보이고, 그 외 버튼이 없다 (443ms)
  ✓    1 [chromium-mobile] › tests/e2e/f1-profile.spec.ts:35:7 › PC-F1-AC4 — 저장된 프로필이 있으면 입력 없이 대시보드로 간다 › `/` 진입 시 자동으로 /dashboard 로 리다이렉트된다 (446ms)
  ✓    8 [chromium-mobile] › tests/e2e/f1-profile.spec.ts:91:5 › [curvez-reviewer/ACC-03] '주수로 입력' 전환이 출산 예정일 칸 아래에 있다(boundingBox y 비교) (259ms)
  ✓   10 [chromium-mobile] › tests/e2e/f1-profile.spec.ts:106:9 › [curvez-reviewer/ACC-05] 주수 입력 '일' 칸 범위 밖 값 → '날짜를 확인하세요' + 저장 비활성 › 일 칸에 -3 를 입력하면 오류 문구가 보이고 저장 버튼이 비활성화된다 (345ms)
  ✓    9 [chromium-mobile] › tests/e2e/f1-profile.spec.ts:106:9 › [curvez-reviewer/ACC-05] 주수 입력 '일' 칸 범위 밖 값 → '날짜를 확인하세요' + 저장 비활성 › 일 칸에 9 를 입력하면 오류 문구가 보이고 저장 버튼이 비활성화된다 (352ms)
  ✓   12 [chromium-mobile] › tests/e2e/f13-guide.spec.ts:6:5 › PC-F13-AC2 — '32주 출생 생후 3개월' 페이지에 '예정일보다 8주 일찍 태어남'과 교정 나이 설명이 보인다 (164ms)
  ✓   11 [chromium-mobile] › tests/e2e/f1-profile.spec.ts:106:9 › [curvez-reviewer/ACC-05] 주수 입력 '일' 칸 범위 밖 값 → '날짜를 확인하세요' + 저장 비활성 › 일 칸에 1.5 를 입력하면 오류 문구가 보이고 저장 버튼이 비활성화된다 (336ms)
  ✓   13 [chromium-mobile] › tests/e2e/f13-guide.spec.ts:16:5 › PC-F13-AC3 — 계산기로 가는 링크를 누르면 해당 주수(32주)가 채워진 입력 화면이 열린다 (236ms)
  ✓   14 [chromium-mobile] › tests/e2e/f13-guide.spec.ts:31:5 › PC-F13-EX1 — 1단계는 검진 안내만 넣고, 접종 안내는 없다 (140ms)
  ✓   16 [chromium-mobile] › tests/e2e/f2-dashboard.spec.ts:23:5 › PC-F2-AC2 — 오늘 2026-04-01: '교정 D-25'와 '재태 36주 3일'이 보인다 (164ms)
  ✓   15 [chromium-mobile] › tests/e2e/f2-dashboard.spec.ts:10:5 › PC-F2-AC1 — 오늘 2026-06-01: '생후 92일 · 3개월'과 '교정 36일 · 1개월'이 나란히 보인다 (175ms)
  ✓   17 [chromium-mobile] › tests/e2e/f2-dashboard.spec.ts:33:5 › PC-F2-AC3 — 오늘 2026-06-01: 다음 월령일 '생후 4개월: 2026-07-01'과 '교정 2개월: 2026-06-26'이 보인다 (200ms)
  ✓   19 [chromium-mobile] › tests/e2e/f2-dashboard.spec.ts:57:5 › PC-F2-AC5 — 나이 옆에 '생후: 출생일 기준 · 교정: 출산 예정일 기준'이 한 줄로 적혀 있다 (187ms)
  ✓   18 [chromium-mobile] › tests/e2e/f2-dashboard.spec.ts:45:5 › PC-F2-AC4 — 재태 38주5일(37주 이상)이면 교정 칸이 보이지 않고 생후 나이만 보인다 (204ms)
  ✓    7 [chromium-mobile] › tests/e2e/f1-profile.spec.ts:45:7 › PC-F1-AC5 · PC-F1-EX3 — 아이가 2명 이상이면 전환 탭이 보이고, 이름이 없으면 번호로 보인다 › 탭에 '아이 1'·'아이 2'가 보이고, '+ 아이 추가'를 누르면 /?new=1 로 이동해 폼이 보인다(리다이렉트 없음) (1.1s)
  ✓   20 [chromium-mobile] › tests/e2e/f2-dashboard.spec.ts:67:5 › [curvez-reviewer/ACC-02] 화면에 '교정 36일 · 1개월' 한 문구가 정확히 보인다(getByText exact) (188ms)
  ✓    6 [chromium-mobile] › tests/e2e/f1-profile.spec.ts:71:7 › PC-F1-AC6 · PC-NF-PRIV-3 — 정보 전체 삭제 › 확인하면 저장된 프로필이 모두 사라지고 첫 화면으로 돌아간다 (1.2s)
  ✓   22 [chromium-mobile] › tests/e2e/f3-age-basis.spec.ts:13:5 › PC-F3-AC1 — '예방접종 — 출생 기준 — 생후 3개월'이 보인다 (179ms)
  ✓   23 [chromium-mobile] › tests/e2e/f3-age-basis.spec.ts:22:5 › PC-F3-AC2 — '이유식 — 교정 기준 — 교정 1개월'이 보인다 (178ms)
  ✓   24 [chromium-mobile] › tests/e2e/f3-age-basis.spec.ts:31:5 › PC-F3-AC3 — '영유아검진 방문 — 출생 기준', '문진표·발달선별검사지 — 교정 기준(24개월 검진까지)'이 보인다 (173ms)
  ✓   25 [chromium-mobile] › tests/e2e/f3-age-basis.spec.ts:44:5 › PC-F3-AC4 — 항목마다 근거 자료 이름과 기준일이 보인다 (174ms)
  ✓   26 [chromium-mobile] › tests/e2e/f3-age-basis.spec.ts:52:5 › PC-F3-AC5 — 재태 37주 이상 아이는 모든 항목이 '생후 나이 그대로'로 보인다 (178ms)
  ✓   27 [chromium-mobile] › tests/e2e/f3-age-basis.spec.ts:67:5 › [curvez-reviewer/ACC-01] 예정일 2026-03-10(재태 37주 이상) 아이의 F3 에 '교정 기준' 문구가 0개다 (180ms)
  ✓   21 [chromium-mobile] › tests/e2e/f2-dashboard.spec.ts:77:5 › PC-F2-EX1 — 프로필이 없으면 F1 첫 화면으로 보낸다 (469ms)
  ✓   28 [chromium-mobile] › tests/e2e/f4-checkups.spec.ts:11:5 › PC-F4-AC2 — 오늘 2026-09-15(생후 6개월14일·교정 4개월20일)이면 '오늘은 교정 4개월 기준으로 문진표를 쓰세요'가 보인다 (198ms)
  ✓   29 [chromium-mobile] › tests/e2e/f4-checkups.spec.ts:21:5 › PC-F4-AC4 — 오늘 날짜가 든 차수가 맨 위에 강조돼 보이고, 지난·예정 차수와 구분된다 (213ms)
  ✓   30 [chromium-mobile] › tests/e2e/f4-checkups.spec.ts:38:5 › PC-F4-AC5 — 화면 아래에 데이터 출처와 기준일이 보인다 (206ms)
  ✓   31 [chromium-mobile] › tests/e2e/f4-checkups.spec.ts:48:5 › [curvez-reviewer/ERR-01] 오늘이 출산 예정일 전(1차 검진 창 안)이어도 /dashboard/checkups 가 예외 없이 뜨고 '출산 예정일 전이라 교정 나이가 아직 없습니다'가 보인다 (211ms)
  ✓   33 [chromium-mobile] › tests/e2e/f5-copay-relief.spec.ts:18:5 › PC-F5-AC2 — 재태 28주6일이면 '5년 4개월' 구간으로 분류된다 (206ms)
  ✓   32 [chromium-mobile] › tests/e2e/f5-copay-relief.spec.ts:12:5 › PC-F5-AC1 — 재태 32주0일이면 '5년 3개월' 구간으로 분류된다 (227ms)
  ✓   35 [chromium-mobile] › tests/e2e/f5-copay-relief.spec.ts:30:5 › PC-F5-AC4 — 재태 37주0일 이상이면 '경감 대상이 아닙니다'가 보인다 (181ms)
  ✓   34 [chromium-mobile] › tests/e2e/f5-copay-relief.spec.ts:24:5 › PC-F5-AC3 — 재태 35주0일이면 '5년 2개월' 구간으로 분류된다 (220ms)
  ✓   36 [chromium-mobile] › tests/e2e/f5-copay-relief.spec.ts:36:5 › PC-F5-AC5 — 종료 예정일과 '2026년 1월 시행 제도 기준' 문구가 함께 보인다 (220ms)
  ✓   37 [chromium-mobile] › tests/e2e/f6-correction-period.spec.ts:12:5 › PC-F6-AC1 · PC-F6-AC4 — 재태 32주0일·체중 미입력이면 '24개월까지'와 연장 조건, '의료진과 상담해 정하세요'가 보인다 (201ms)
  ✓   38 [chromium-mobile] › tests/e2e/f6-correction-period.spec.ts:25:5 › PC-F6-AC2 — 재태 27주6일이면 '36개월까지 쓸 수 있음'이 보인다 (208ms)
  ✓   39 [chromium-mobile] › tests/e2e/f6-correction-period.spec.ts:31:5 › PC-F6-AC3 — 재태 32주0일·출생 체중 1.4kg이면 '36개월까지 쓸 수 있음'이 보인다 (252ms)
  ✓   40 [chromium-mobile] › tests/e2e/f6-correction-period.spec.ts:39:5 › PC-F6-EX1 — 재태 37주 이상이면 대시보드 quick-links에 이 카드 자체가 없다 (213ms)
  ✓   41 [chromium-mobile] › tests/e2e/f7-share.spec.ts:27:5 › PC-F7-AC1 · PC-NF-PRIV-2 — 이름 '하늘'로 저장한 프로필의 공유 링크와 카드 그리기 입력에 '하늘'이 없다 (387ms)
  ✓   45 [chromium-mobile] › tests/e2e/f7-share.spec.ts:111:5 › [curvez-reviewer/ACC-06] navigator.share 가 있어도 '링크 복사' 버튼이 보인다 (233ms)
  ✓   42 [chromium-mobile] › tests/e2e/f7-share.spec.ts:51:5 › PC-F7-AC3 — 공유 링크 fragment 키는 b·d 두 개뿐이다 (388ms)
  ✓   44 [chromium-mobile] › tests/e2e/f7-share.spec.ts:94:5 › PC-F7-EX1 — navigator.share 를 쓸 수 없는 환경에서는 '링크 복사' 버튼이 보인다 (284ms)
  ✓   48 [chromium-mobile] › tests/e2e/nf-a11y.spec.ts:41:5 › PC-NF-A11Y-1 — 미확정 표시는 색이 아니라 아이콘 + '미확정' 라벨 + 텍스트로 구분된다 (232ms)
  ✓   43 [chromium-mobile] › tests/e2e/f7-share.spec.ts:66:5 › PC-F7-AC2 — 공유 링크를 다른 브라우저 컨텍스트(저장값 없음)에서 열면 같은 날짜 기준 같은 결과가 보인다 (639ms)
  ✓   47 [chromium-mobile] › tests/e2e/nf-a11y.spec.ts:20:5 › PC-NF-A11Y-1 — 검진 차수 상태(지남/오늘/예정)는 텍스트 라벨과 아이콘을 함께 쓴다 (247ms)
  ✓   49 [chromium-mobile] › tests/e2e/nf-a11y.spec.ts:52:5 › PC-NF-A11Y-1 — 성별 선택 항목은 선택되면 색뿐 아니라 아이콘으로도 구분된다 (264ms)
  ✓   46 [chromium-mobile] › tests/e2e/f7-share.spec.ts:121:5 › [curvez-reviewer/DSG-01] before-due 카드의 fillText 줄 폭이 캔버스 사용 가능 폭(952px) 이하다 (411ms)
  ✓   51 [chromium-mobile] › tests/e2e/nf-a11y.spec.ts:145:7 › PC-NF-A11Y-2 — input 화면의 주요 텍스트 대비가 4.5:1 이상이다 (191ms)
  ✓   52 [chromium-mobile] › tests/e2e/nf-a11y.spec.ts:145:7 › PC-NF-A11Y-2 — dashboard 화면의 주요 텍스트 대비가 4.5:1 이상이다 (187ms)
  ✓   53 [chromium-mobile] › tests/e2e/nf-a11y.spec.ts:145:7 › PC-NF-A11Y-2 — age-basis 화면의 주요 텍스트 대비가 4.5:1 이상이다 (177ms)
  ✓   50 [chromium-mobile] › tests/e2e/nf-a11y.spec.ts:63:5 › PC-NF-A11Y-3 — 입력칸마다 접근 가능한 이름(레이블)이 있다 (364ms)
  ✓   54 [chromium-mobile] › tests/e2e/nf-a11y.spec.ts:145:7 › PC-NF-A11Y-2 — checkups 화면의 주요 텍스트 대비가 4.5:1 이상이다 (194ms)
  ✓   55 [chromium-mobile] › tests/e2e/nf-a11y.spec.ts:145:7 › PC-NF-A11Y-2 — copay-relief 화면의 주요 텍스트 대비가 4.5:1 이상이다 (180ms)
  ✓   56 [chromium-mobile] › tests/e2e/nf-a11y.spec.ts:145:7 › PC-NF-A11Y-2 — correction-period 화면의 주요 텍스트 대비가 4.5:1 이상이다 (181ms)
  ✓   57 [chromium-mobile] › tests/e2e/nf-a11y.spec.ts:145:7 › PC-NF-A11Y-2 — share 화면의 주요 텍스트 대비가 4.5:1 이상이다 (195ms)
  ✓   58 [chromium-mobile] › tests/e2e/nf-a11y.spec.ts:145:7 › PC-NF-A11Y-2 — guide 화면의 주요 텍스트 대비가 4.5:1 이상이다 (196ms)
  ✓   62 [chromium-mobile] › tests/e2e/nf-header-layout.spec.ts:137:9 › [디자인 재구성] 헤더 제목 가운데 정렬 — input @ 360px (263ms)
  ✓   63 [chromium-mobile] › tests/e2e/nf-header-layout.spec.ts:137:9 › [디자인 재구성] 헤더 제목 가운데 정렬 — input @ 768px (317ms)
  ✓   64 [chromium-mobile] › tests/e2e/nf-header-layout.spec.ts:137:9 › [디자인 재구성] 헤더 제목 가운데 정렬 — input @ 1280px (271ms)
  ✓   65 [chromium-mobile] › tests/e2e/nf-header-layout.spec.ts:137:9 › [디자인 재구성] 헤더 제목 가운데 정렬 — input-weeks @ 360px (231ms)
[nf-content-width] width=1280px
  input              header.x=280.00 header.width=720.00 body.x=280.00 body.width=720.00
  input-weeks        header.x=280.00 header.width=720.00 body.x=280.00 body.width=720.00
  dashboard          header.x=280.00 header.width=720.00 body.x=280.00 body.width=720.00
  age-basis          header.x=280.00 header.width=720.00 body.x=280.00 body.width=720.00
  checkups           header.x=280.00 header.width=720.00 body.x=280.00 body.width=720.00
  copay-relief       header.x=280.00 header.width=720.00 body.x=280.00 body.width=720.00
  correction-period  header.x=280.00 header.width=720.00 body.x=280.00 body.width=720.00
  share              header.x=280.00 header.width=720.00 body.x=280.00 body.width=720.00
  guide              header.x=280.00 header.width=720.00 body.x=280.00 body.width=720.00
  ✓   66 [chromium-mobile] › tests/e2e/nf-header-layout.spec.ts:137:9 › [디자인 재구성] 헤더 제목 가운데 정렬 — input-weeks @ 768px (229ms)
[nf-content-width] width=360px
  input              header.x=0.00 header.width=360.00 body.x=0.00 body.width=360.00
  input-weeks        header.x=0.00 header.width=360.00 body.x=0.00 body.width=360.00
  dashboard          header.x=0.00 header.width=360.00 body.x=0.00 body.width=360.00
  age-basis          header.x=0.00 header.width=360.00 body.x=0.00 body.width=360.00
  checkups           header.x=0.00 header.width=360.00 body.x=0.00 body.width=360.00
  copay-relief       header.x=0.00 header.width=360.00 body.x=0.00 body.width=360.00
  correction-period  header.x=0.00 header.width=360.00 body.x=0.00 body.width=360.00
  share              header.x=0.00 header.width=360.00 body.x=0.00 body.width=360.00
  guide              header.x=0.00 header.width=360.00 body.x=0.00 body.width=360.00
  ✓   61 [chromium-mobile] › tests/e2e/nf-content-width.spec.ts:156:7 › [디자인 재구성 8차] 1280px 에서 9개 화면의 본문·헤더 콘텐츠 폭이 모두 같다 (866ms)
[nf-content-width] width=768px
  input              header.x=24.00 header.width=720.00 body.x=24.00 body.width=720.00
  input-weeks        header.x=24.00 header.width=720.00 body.x=24.00 body.width=720.00
  dashboard          header.x=24.00 header.width=720.00 body.x=24.00 body.width=720.00
  age-basis          header.x=24.00 header.width=720.00 body.x=24.00 body.width=720.00
  checkups           header.x=24.00 header.width=720.00 body.x=24.00 body.width=720.00
  copay-relief       header.x=24.00 header.width=720.00 body.x=24.00 body.width=720.00
  correction-period  header.x=24.00 header.width=720.00 body.x=24.00 body.width=720.00
  share              header.x=24.00 header.width=720.00 body.x=24.00 body.width=720.00
  guide              header.x=24.00 header.width=720.00 body.x=24.00 body.width=720.00
  ✓   59 [chromium-mobile] › tests/e2e/nf-content-width.spec.ts:156:7 › [디자인 재구성 8차] 360px 에서 9개 화면의 본문·헤더 콘텐츠 폭이 모두 같다 (900ms)
  ✓   60 [chromium-mobile] › tests/e2e/nf-content-width.spec.ts:156:7 › [디자인 재구성 8차] 768px 에서 9개 화면의 본문·헤더 콘텐츠 폭이 모두 같다 (912ms)
  ✓   67 [chromium-mobile] › tests/e2e/nf-header-layout.spec.ts:137:9 › [디자인 재구성] 헤더 제목 가운데 정렬 — input-weeks @ 1280px (263ms)
  ✓   68 [chromium-mobile] › tests/e2e/nf-header-layout.spec.ts:137:9 › [디자인 재구성] 헤더 제목 가운데 정렬 — dashboard @ 360px (231ms)
  ✓   69 [chromium-mobile] › tests/e2e/nf-header-layout.spec.ts:137:9 › [디자인 재구성] 헤더 제목 가운데 정렬 — dashboard @ 768px (218ms)
  ✓   70 [chromium-mobile] › tests/e2e/nf-header-layout.spec.ts:137:9 › [디자인 재구성] 헤더 제목 가운데 정렬 — dashboard @ 1280px (212ms)
  ✓   71 [chromium-mobile] › tests/e2e/nf-header-layout.spec.ts:137:9 › [디자인 재구성] 헤더 제목 가운데 정렬 — age-basis @ 360px (202ms)
  ✓   72 [chromium-mobile] › tests/e2e/nf-header-layout.spec.ts:137:9 › [디자인 재구성] 헤더 제목 가운데 정렬 — age-basis @ 768px (254ms)
  ✓   73 [chromium-mobile] › tests/e2e/nf-header-layout.spec.ts:137:9 › [디자인 재구성] 헤더 제목 가운데 정렬 — age-basis @ 1280px (209ms)
  ✓   74 [chromium-mobile] › tests/e2e/nf-header-layout.spec.ts:137:9 › [디자인 재구성] 헤더 제목 가운데 정렬 — checkups @ 360px (203ms)
  ✓   75 [chromium-mobile] › tests/e2e/nf-header-layout.spec.ts:137:9 › [디자인 재구성] 헤더 제목 가운데 정렬 — checkups @ 768px (197ms)
  ✓   76 [chromium-mobile] › tests/e2e/nf-header-layout.spec.ts:137:9 › [디자인 재구성] 헤더 제목 가운데 정렬 — checkups @ 1280px (207ms)
  ✓   81 [chromium-mobile] › tests/e2e/nf-header-layout.spec.ts:137:9 › [디자인 재구성] 헤더 제목 가운데 정렬 — correction-period @ 768px (205ms)
  ✓   77 [chromium-mobile] › tests/e2e/nf-header-layout.spec.ts:137:9 › [디자인 재구성] 헤더 제목 가운데 정렬 — copay-relief @ 360px (232ms)
  ✓   80 [chromium-mobile] › tests/e2e/nf-header-layout.spec.ts:137:9 › [디자인 재구성] 헤더 제목 가운데 정렬 — correction-period @ 360px (215ms)
  ✓   79 [chromium-mobile] › tests/e2e/nf-header-layout.spec.ts:137:9 › [디자인 재구성] 헤더 제목 가운데 정렬 — copay-relief @ 1280px (222ms)
  ✓   78 [chromium-mobile] › tests/e2e/nf-header-layout.spec.ts:137:9 › [디자인 재구성] 헤더 제목 가운데 정렬 — copay-relief @ 768px (225ms)
  ✓   83 [chromium-mobile] › tests/e2e/nf-header-layout.spec.ts:137:9 › [디자인 재구성] 헤더 제목 가운데 정렬 — correction-period @ 1280px (231ms)
  ✓   86 [chromium-mobile] › tests/e2e/nf-header-layout.spec.ts:137:9 › [디자인 재구성] 헤더 제목 가운데 정렬 — share @ 768px (227ms)
  ✓   84 [chromium-mobile] › tests/e2e/nf-header-layout.spec.ts:137:9 › [디자인 재구성] 헤더 제목 가운데 정렬 — share @ 1280px (233ms)
  ✓   85 [chromium-mobile] › tests/e2e/nf-header-layout.spec.ts:137:9 › [디자인 재구성] 헤더 제목 가운데 정렬 — guide @ 360px (236ms)
  ✓   82 [chromium-mobile] › tests/e2e/nf-header-layout.spec.ts:137:9 › [디자인 재구성] 헤더 제목 가운데 정렬 — share @ 360px (236ms)
  ✓   89 [chromium-mobile] › tests/e2e/nf-header-layout.spec.ts:172:9 › [디자인 재구성, DSG-05 회귀] 헤더 제목-좌우 버튼 겹침 없음 — input @ 360px (223ms)
  ✓   91 [chromium-mobile] › tests/e2e/nf-header-layout.spec.ts:172:9 › [디자인 재구성, DSG-05 회귀] 헤더 제목-좌우 버튼 겹침 없음 — input @ 390px (221ms)
  ✓   90 [chromium-mobile] › tests/e2e/nf-header-layout.spec.ts:172:9 › [디자인 재구성, DSG-05 회귀] 헤더 제목-좌우 버튼 겹침 없음 — input @ 768px (225ms)
  ✓   88 [chromium-mobile] › tests/e2e/nf-header-layout.spec.ts:137:9 › [디자인 재구성] 헤더 제목 가운데 정렬 — guide @ 1280px (235ms)
  ✓   87 [chromium-mobile] › tests/e2e/nf-header-layout.spec.ts:137:9 › [디자인 재구성] 헤더 제목 가운데 정렬 — guide @ 768px (239ms)
  ✓   96 [chromium-mobile] › tests/e2e/nf-header-layout.spec.ts:172:9 › [디자인 재구성, DSG-05 회귀] 헤더 제목-좌우 버튼 겹침 없음 — input-weeks @ 1280px (224ms)
  ✓   93 [chromium-mobile] › tests/e2e/nf-header-layout.spec.ts:172:9 › [디자인 재구성, DSG-05 회귀] 헤더 제목-좌우 버튼 겹침 없음 — input-weeks @ 360px (229ms)
  ✓   94 [chromium-mobile] › tests/e2e/nf-header-layout.spec.ts:172:9 › [디자인 재구성, DSG-05 회귀] 헤더 제목-좌우 버튼 겹침 없음 — input-weeks @ 390px (231ms)
  ✓   92 [chromium-mobile] › tests/e2e/nf-header-layout.spec.ts:172:9 › [디자인 재구성, DSG-05 회귀] 헤더 제목-좌우 버튼 겹침 없음 — input @ 1280px (237ms)
  ✓   95 [chromium-mobile] › tests/e2e/nf-header-layout.spec.ts:172:9 › [디자인 재구성, DSG-05 회귀] 헤더 제목-좌우 버튼 겹침 없음 — input-weeks @ 768px (233ms)
  ✓   99 [chromium-mobile] › tests/e2e/nf-header-layout.spec.ts:172:9 › [디자인 재구성, DSG-05 회귀] 헤더 제목-좌우 버튼 겹침 없음 — dashboard @ 768px (259ms)
  ✓  101 [chromium-mobile] › tests/e2e/nf-header-layout.spec.ts:172:9 › [디자인 재구성, DSG-05 회귀] 헤더 제목-좌우 버튼 겹침 없음 — age-basis @ 360px (257ms)
  ✓   98 [chromium-mobile] › tests/e2e/nf-header-layout.spec.ts:172:9 › [디자인 재구성, DSG-05 회귀] 헤더 제목-좌우 버튼 겹침 없음 — dashboard @ 390px (262ms)
  ✓   97 [chromium-mobile] › tests/e2e/nf-header-layout.spec.ts:172:9 › [디자인 재구성, DSG-05 회귀] 헤더 제목-좌우 버튼 겹침 없음 — dashboard @ 360px (262ms)
  ✓  100 [chromium-mobile] › tests/e2e/nf-header-layout.spec.ts:172:9 › [디자인 재구성, DSG-05 회귀] 헤더 제목-좌우 버튼 겹침 없음 — dashboard @ 1280px (263ms)
  ✓  104 [chromium-mobile] › tests/e2e/nf-header-layout.spec.ts:172:9 › [디자인 재구성, DSG-05 회귀] 헤더 제목-좌우 버튼 겹침 없음 — age-basis @ 768px (240ms)
  ✓  106 [chromium-mobile] › tests/e2e/nf-header-layout.spec.ts:172:9 › [디자인 재구성, DSG-05 회귀] 헤더 제목-좌우 버튼 겹침 없음 — checkups @ 390px (236ms)
  ✓  103 [chromium-mobile] › tests/e2e/nf-header-layout.spec.ts:172:9 › [디자인 재구성, DSG-05 회귀] 헤더 제목-좌우 버튼 겹침 없음 — age-basis @ 1280px (244ms)
  ✓  105 [chromium-mobile] › tests/e2e/nf-header-layout.spec.ts:172:9 › [디자인 재구성, DSG-05 회귀] 헤더 제목-좌우 버튼 겹침 없음 — checkups @ 360px (242ms)
  ✓  102 [chromium-mobile] › tests/e2e/nf-header-layout.spec.ts:172:9 › [디자인 재구성, DSG-05 회귀] 헤더 제목-좌우 버튼 겹침 없음 — age-basis @ 390px (246ms)
  ✓  109 [chromium-mobile] › tests/e2e/nf-header-layout.spec.ts:172:9 › [디자인 재구성, DSG-05 회귀] 헤더 제목-좌우 버튼 겹침 없음 — copay-relief @ 390px (251ms)
  ✓  111 [chromium-mobile] › tests/e2e/nf-header-layout.spec.ts:172:9 › [디자인 재구성, DSG-05 회귀] 헤더 제목-좌우 버튼 겹침 없음 — copay-relief @ 768px (254ms)
  ✓  110 [chromium-mobile] › tests/e2e/nf-header-layout.spec.ts:172:9 › [디자인 재구성, DSG-05 회귀] 헤더 제목-좌우 버튼 겹침 없음 — checkups @ 1280px (255ms)
  ✓  107 [chromium-mobile] › tests/e2e/nf-header-layout.spec.ts:172:9 › [디자인 재구성, DSG-05 회귀] 헤더 제목-좌우 버튼 겹침 없음 — checkups @ 768px (258ms)
  ✓  108 [chromium-mobile] › tests/e2e/nf-header-layout.spec.ts:172:9 › [디자인 재구성, DSG-05 회귀] 헤더 제목-좌우 버튼 겹침 없음 — copay-relief @ 360px (257ms)
  ✓  114 [chromium-mobile] › tests/e2e/nf-header-layout.spec.ts:172:9 › [디자인 재구성, DSG-05 회귀] 헤더 제목-좌우 버튼 겹침 없음 — correction-period @ 390px (254ms)
  ✓  116 [chromium-mobile] › tests/e2e/nf-header-layout.spec.ts:172:9 › [디자인 재구성, DSG-05 회귀] 헤더 제목-좌우 버튼 겹침 없음 — correction-period @ 1280px (253ms)
  ✓  113 [chromium-mobile] › tests/e2e/nf-header-layout.spec.ts:172:9 › [디자인 재구성, DSG-05 회귀] 헤더 제목-좌우 버튼 겹침 없음 — correction-period @ 360px (260ms)
  ✓  115 [chromium-mobile] › tests/e2e/nf-header-layout.spec.ts:172:9 › [디자인 재구성, DSG-05 회귀] 헤더 제목-좌우 버튼 겹침 없음 — correction-period @ 768px (260ms)
  ✓  112 [chromium-mobile] › tests/e2e/nf-header-layout.spec.ts:172:9 › [디자인 재구성, DSG-05 회귀] 헤더 제목-좌우 버튼 겹침 없음 — copay-relief @ 1280px (264ms)
  ✓  117 [chromium-mobile] › tests/e2e/nf-header-layout.spec.ts:172:9 › [디자인 재구성, DSG-05 회귀] 헤더 제목-좌우 버튼 겹침 없음 — share @ 360px (243ms)
  ✓  120 [chromium-mobile] › tests/e2e/nf-header-layout.spec.ts:172:9 › [디자인 재구성, DSG-05 회귀] 헤더 제목-좌우 버튼 겹침 없음 — share @ 1280px (245ms)
  ✓  119 [chromium-mobile] › tests/e2e/nf-header-layout.spec.ts:172:9 › [디자인 재구성, DSG-05 회귀] 헤더 제목-좌우 버튼 겹침 없음 — share @ 768px (246ms)
  ✓  118 [chromium-mobile] › tests/e2e/nf-header-layout.spec.ts:172:9 › [디자인 재구성, DSG-05 회귀] 헤더 제목-좌우 버튼 겹침 없음 — share @ 390px (249ms)
  ✓  121 [chromium-mobile] › tests/e2e/nf-header-layout.spec.ts:172:9 › [디자인 재구성, DSG-05 회귀] 헤더 제목-좌우 버튼 겹침 없음 — guide @ 360px (254ms)
  ✓  123 [chromium-mobile] › tests/e2e/nf-header-layout.spec.ts:172:9 › [디자인 재구성, DSG-05 회귀] 헤더 제목-좌우 버튼 겹침 없음 — guide @ 768px (268ms)
  ✓  122 [chromium-mobile] › tests/e2e/nf-header-layout.spec.ts:172:9 › [디자인 재구성, DSG-05 회귀] 헤더 제목-좌우 버튼 겹침 없음 — guide @ 390px (276ms)
  ✓  124 [chromium-mobile] › tests/e2e/nf-header-layout.spec.ts:172:9 › [디자인 재구성, DSG-05 회귀] 헤더 제목-좌우 버튼 겹침 없음 — guide @ 1280px (279ms)
  ✓  125 [chromium-mobile] › tests/e2e/nf-header-layout.spec.ts:238:7 › [디자인 재구성 8차] 360px 에서 대시보드는 1열이다(나이 카드·바로가기·공유·면책의 왼쪽 x 가 같고 세로 순서가 지켜진다) (303ms)
  ✓  126 [chromium-mobile] › tests/e2e/nf-header-layout.spec.ts:238:7 › [디자인 재구성 8차] 768px 에서 대시보드는 1열이다(나이 카드·바로가기·공유·면책의 왼쪽 x 가 같고 세로 순서가 지켜진다) (294ms)
  ✓  131 [chromium-mobile] › tests/e2e/nf-med.spec.ts:22:7 › PC-NF-MED-1 — copay-relief 화면에 의료 면책 문구가 보인다 (189ms)
  ✓  128 [chromium-mobile] › tests/e2e/nf-med.spec.ts:22:7 › PC-NF-MED-1 — dashboard 화면에 의료 면책 문구가 보인다 (213ms)
  ✓  130 [chromium-mobile] › tests/e2e/nf-med.spec.ts:22:7 › PC-NF-MED-1 — checkups 화면에 의료 면책 문구가 보인다 (192ms)
  ✓  129 [chromium-mobile] › tests/e2e/nf-med.spec.ts:22:7 › PC-NF-MED-1 — age-basis 화면에 의료 면책 문구가 보인다 (212ms)
  ✓  127 [chromium-mobile] › tests/e2e/nf-header-layout.spec.ts:238:7 › [디자인 재구성 8차] 1280px 에서 대시보드는 1열이다(나이 카드·바로가기·공유·면책의 왼쪽 x 가 같고 세로 순서가 지켜진다) (260ms)
  ✓  132 [chromium-mobile] › tests/e2e/nf-med.spec.ts:22:7 › PC-NF-MED-1 — correction-period 화면에 의료 면책 문구가 보인다 (206ms)
  ✓  133 [chromium-mobile] › tests/e2e/nf-med.spec.ts:22:7 › PC-NF-MED-1 — share 화면에 의료 면책 문구가 보인다 (206ms)
  ✓  134 [chromium-mobile] › tests/e2e/nf-med.spec.ts:22:7 › PC-NF-MED-1 — guide 화면에 의료 면책 문구가 보인다 (210ms)
  ✓  135 [chromium-mobile] › tests/e2e/nf-mobile.spec.ts:71:7 › PC-NF-MOBILE-1·2·3 — input 화면 (233ms)
  ✓  136 [chromium-mobile] › tests/e2e/nf-mobile.spec.ts:71:7 › PC-NF-MOBILE-1·2·3 — dashboard 화면 (276ms)
  ✓  137 [chromium-mobile] › tests/e2e/nf-mobile.spec.ts:71:7 › PC-NF-MOBILE-1·2·3 — age-basis 화면 (227ms)
  ✓  139 [chromium-mobile] › tests/e2e/nf-mobile.spec.ts:71:7 › PC-NF-MOBILE-1·2·3 — copay-relief 화면 (238ms)
  ✓  138 [chromium-mobile] › tests/e2e/nf-mobile.spec.ts:71:7 › PC-NF-MOBILE-1·2·3 — checkups 화면 (239ms)
  ✓  140 [chromium-mobile] › tests/e2e/nf-mobile.spec.ts:71:7 › PC-NF-MOBILE-1·2·3 — correction-period 화면 (223ms)
  ✓  141 [chromium-mobile] › tests/e2e/nf-mobile.spec.ts:71:7 › PC-NF-MOBILE-1·2·3 — share 화면 (198ms)
  ✓  145 [chromium-mobile] › tests/e2e/nf-visual-defects-regression.spec.ts:120:9 › [시각 결함 회귀] body keep-all + 버튼·링크 라벨 한 줄 — input @ 360px (192ms)
  ✓  142 [chromium-mobile] › tests/e2e/nf-mobile.spec.ts:71:7 › PC-NF-MOBILE-1·2·3 — guide 화면 (225ms)
  ✓  143 [chromium-mobile] › tests/e2e/nf-mobile.spec.ts:83:5 › PC-NF-MOBILE-1·2·3 — copay-relief state:boundary-unconfirmed (213ms)
  ✓  146 [chromium-mobile] › tests/e2e/nf-visual-defects-regression.spec.ts:120:9 › [시각 결함 회귀] body keep-all + 버튼·링크 라벨 한 줄 — input @ 390px (248ms)
  ✓  147 [chromium-mobile] › tests/e2e/nf-visual-defects-regression.spec.ts:120:9 › [시각 결함 회귀] body keep-all + 버튼·링크 라벨 한 줄 — input @ 768px (218ms)
  ✓  148 [chromium-mobile] › tests/e2e/nf-visual-defects-regression.spec.ts:120:9 › [시각 결함 회귀] body keep-all + 버튼·링크 라벨 한 줄 — input @ 1280px (219ms)
  ✓  149 [chromium-mobile] › tests/e2e/nf-visual-defects-regression.spec.ts:120:9 › [시각 결함 회귀] body keep-all + 버튼·링크 라벨 한 줄 — input-weeks @ 360px (223ms)
  ✓  144 [chromium-mobile] › tests/e2e/nf-privacy.spec.ts:12:5 › PC-NF-PRIV-1 — 프로필 입력·저장·대시보드 조회·프로필 편집 동안 나가는 요청에 이름·출생일·예정일 값이 없다 (506ms)
  ✓  150 [chromium-mobile] › tests/e2e/nf-visual-defects-regression.spec.ts:120:9 › [시각 결함 회귀] body keep-all + 버튼·링크 라벨 한 줄 — input-weeks @ 390px (237ms)
  ✓  153 [chromium-mobile] › tests/e2e/nf-visual-defects-regression.spec.ts:120:9 › [시각 결함 회귀] body keep-all + 버튼·링크 라벨 한 줄 — dashboard @ 360px (205ms)
  ✓  151 [chromium-mobile] › tests/e2e/nf-visual-defects-regression.spec.ts:120:9 › [시각 결함 회귀] body keep-all + 버튼·링크 라벨 한 줄 — input-weeks @ 768px (223ms)
  ✓  152 [chromium-mobile] › tests/e2e/nf-visual-defects-regression.spec.ts:120:9 › [시각 결함 회귀] body keep-all + 버튼·링크 라벨 한 줄 — input-weeks @ 1280px (224ms)
  ✓  154 [chromium-mobile] › tests/e2e/nf-visual-defects-regression.spec.ts:120:9 › [시각 결함 회귀] body keep-all + 버튼·링크 라벨 한 줄 — dashboard @ 390px (272ms)
  ✓  155 [chromium-mobile] › tests/e2e/nf-visual-defects-regression.spec.ts:120:9 › [시각 결함 회귀] body keep-all + 버튼·링크 라벨 한 줄 — dashboard @ 768px (221ms)
  ✓  157 [chromium-mobile] › tests/e2e/nf-visual-defects-regression.spec.ts:120:9 › [시각 결함 회귀] body keep-all + 버튼·링크 라벨 한 줄 — age-basis @ 360px (201ms)
  ✓  158 [chromium-mobile] › tests/e2e/nf-visual-defects-regression.spec.ts:120:9 › [시각 결함 회귀] body keep-all + 버튼·링크 라벨 한 줄 — age-basis @ 390px (203ms)
  ✓  156 [chromium-mobile] › tests/e2e/nf-visual-defects-regression.spec.ts:120:9 › [시각 결함 회귀] body keep-all + 버튼·링크 라벨 한 줄 — dashboard @ 1280px (241ms)
  ✓  159 [chromium-mobile] › tests/e2e/nf-visual-defects-regression.spec.ts:120:9 › [시각 결함 회귀] body keep-all + 버튼·링크 라벨 한 줄 — age-basis @ 768px (196ms)
  ✓  160 [chromium-mobile] › tests/e2e/nf-visual-defects-regression.spec.ts:120:9 › [시각 결함 회귀] body keep-all + 버튼·링크 라벨 한 줄 — age-basis @ 1280px (196ms)
  ✓  162 [chromium-mobile] › tests/e2e/nf-visual-defects-regression.spec.ts:120:9 › [시각 결함 회귀] body keep-all + 버튼·링크 라벨 한 줄 — checkups @ 390px (188ms)
  ✓  161 [chromium-mobile] › tests/e2e/nf-visual-defects-regression.spec.ts:120:9 › [시각 결함 회귀] body keep-all + 버튼·링크 라벨 한 줄 — checkups @ 360px (235ms)
  ✓  163 [chromium-mobile] › tests/e2e/nf-visual-defects-regression.spec.ts:120:9 › [시각 결함 회귀] body keep-all + 버튼·링크 라벨 한 줄 — checkups @ 768px (206ms)
  ✓  165 [chromium-mobile] › tests/e2e/nf-visual-defects-regression.spec.ts:120:9 › [시각 결함 회귀] body keep-all + 버튼·링크 라벨 한 줄 — copay-relief @ 360px (191ms)
  ✓  164 [chromium-mobile] › tests/e2e/nf-visual-defects-regression.spec.ts:120:9 › [시각 결함 회귀] body keep-all + 버튼·링크 라벨 한 줄 — checkups @ 1280px (238ms)
  ✓  166 [chromium-mobile] › tests/e2e/nf-visual-defects-regression.spec.ts:120:9 › [시각 결함 회귀] body keep-all + 버튼·링크 라벨 한 줄 — copay-relief @ 390px (227ms)
  ✓  167 [chromium-mobile] › tests/e2e/nf-visual-defects-regression.spec.ts:120:9 › [시각 결함 회귀] body keep-all + 버튼·링크 라벨 한 줄 — copay-relief @ 768px (210ms)
  ✓  168 [chromium-mobile] › tests/e2e/nf-visual-defects-regression.spec.ts:120:9 › [시각 결함 회귀] body keep-all + 버튼·링크 라벨 한 줄 — copay-relief @ 1280px (208ms)
  ✓  169 [chromium-mobile] › tests/e2e/nf-visual-defects-regression.spec.ts:120:9 › [시각 결함 회귀] body keep-all + 버튼·링크 라벨 한 줄 — correction-period @ 360px (247ms)
  ✓  170 [chromium-mobile] › tests/e2e/nf-visual-defects-regression.spec.ts:120:9 › [시각 결함 회귀] body keep-all + 버튼·링크 라벨 한 줄 — correction-period @ 390px (216ms)
  ✓  171 [chromium-mobile] › tests/e2e/nf-visual-defects-regression.spec.ts:120:9 › [시각 결함 회귀] body keep-all + 버튼·링크 라벨 한 줄 — correction-period @ 768px (237ms)
  ✓  173 [chromium-mobile] › tests/e2e/nf-visual-defects-regression.spec.ts:120:9 › [시각 결함 회귀] body keep-all + 버튼·링크 라벨 한 줄 — share @ 360px (235ms)
  ✓  172 [chromium-mobile] › tests/e2e/nf-visual-defects-regression.spec.ts:120:9 › [시각 결함 회귀] body keep-all + 버튼·링크 라벨 한 줄 — correction-period @ 1280px (236ms)
  ✓  174 [chromium-mobile] › tests/e2e/nf-visual-defects-regression.spec.ts:120:9 › [시각 결함 회귀] body keep-all + 버튼·링크 라벨 한 줄 — share @ 390px (175ms)
  ✓  175 [chromium-mobile] › tests/e2e/nf-visual-defects-regression.spec.ts:120:9 › [시각 결함 회귀] body keep-all + 버튼·링크 라벨 한 줄 — share @ 768px (173ms)
  ✓  177 [chromium-mobile] › tests/e2e/nf-visual-defects-regression.spec.ts:120:9 › [시각 결함 회귀] body keep-all + 버튼·링크 라벨 한 줄 — guide @ 360px (200ms)
  ✓  178 [chromium-mobile] › tests/e2e/nf-visual-defects-regression.spec.ts:120:9 › [시각 결함 회귀] body keep-all + 버튼·링크 라벨 한 줄 — guide @ 390px (195ms)
  ✓  176 [chromium-mobile] › tests/e2e/nf-visual-defects-regression.spec.ts:120:9 › [시각 결함 회귀] body keep-all + 버튼·링크 라벨 한 줄 — share @ 1280px (213ms)
  ✓  179 [chromium-mobile] › tests/e2e/nf-visual-defects-regression.spec.ts:120:9 › [시각 결함 회귀] body keep-all + 버튼·링크 라벨 한 줄 — guide @ 768px (241ms)
  ✓  180 [chromium-mobile] › tests/e2e/nf-visual-defects-regression.spec.ts:120:9 › [시각 결함 회귀] body keep-all + 버튼·링크 라벨 한 줄 — guide @ 1280px (245ms)
  ✓  181 [chromium-mobile] › tests/e2e/nf-visual-defects-regression.spec.ts:179:9 › [시각 결함 회귀] 나이 카드 값 조각 줄바꿈 없음 — dashboard @ 360px (259ms)
  ✓  182 [chromium-mobile] › tests/e2e/nf-visual-defects-regression.spec.ts:179:9 › [시각 결함 회귀] 나이 카드 값 조각 줄바꿈 없음 — dashboard @ 390px (261ms)
  ✓  183 [chromium-mobile] › tests/e2e/nf-visual-defects-regression.spec.ts:179:9 › [시각 결함 회귀] 나이 카드 값 조각 줄바꿈 없음 — dashboard @ 768px (265ms)
  ✓  184 [chromium-mobile] › tests/e2e/nf-visual-defects-regression.spec.ts:179:9 › [시각 결함 회귀] 나이 카드 값 조각 줄바꿈 없음 — dashboard @ 1280px (332ms)
  ✓  185 [chromium-mobile] › tests/e2e/nf-visual-defects-regression.spec.ts:179:9 › [시각 결함 회귀] 나이 카드 값 조각 줄바꿈 없음 — share @ 360px (330ms)
  ✓  187 [chromium-mobile] › tests/e2e/nf-visual-defects-regression.spec.ts:179:9 › [시각 결함 회귀] 나이 카드 값 조각 줄바꿈 없음 — share @ 768px (255ms)
  ✓  186 [chromium-mobile] › tests/e2e/nf-visual-defects-regression.spec.ts:179:9 › [시각 결함 회귀] 나이 카드 값 조각 줄바꿈 없음 — share @ 390px (263ms)
  ✓  188 [chromium-mobile] › tests/e2e/nf-visual-defects-regression.spec.ts:179:9 › [시각 결함 회귀] 나이 카드 값 조각 줄바꿈 없음 — share @ 1280px (272ms)
  ✓  189 [chromium-mobile] › tests/e2e/nf-visual-defects-regression.spec.ts:229:5 › [시각 결함 회귀] 1280px 대시보드에서 "+ 아이 추가" 버튼이 카드와 같은 왼쪽 선에 있다 (211ms)

  189 passed (18.3s)
