$ playwright test --reporter=line

Running 75 tests using 5 workers

[1/75] [chromium-mobile] › tests/e2e/f1-profile.spec.ts:11:7 › PC-F1-AC1 · PC-NF-MOBILE-4 — 첫 화면에는 입력칸과 버튼만 보인다 › 입력칸 3종(출생일·출산예정일·성별) + 주수전환 + 저장 버튼만 보이고, 그 외 버튼이 없다
[2/75] [chromium-mobile] › tests/e2e/err-handling.spec.ts:9:5 › [curvez-reviewer/ERR-02] localStorage 가 예외를 던지는 환경에서도 첫 화면('/')이 깨지지 않는다
[3/75] [chromium-mobile] › tests/e2e/err-handling.spec.ts:43:5 › [curvez-reviewer/ERR-02] 프로필이 이미 있어도 localStorage 읽기가 막히면 '저장 공간을 사용할 수 없습니다'를 보인다
[4/75] [chromium-mobile] › tests/e2e/err-handling.spec.ts:23:5 › [curvez-reviewer/ERR-02] localStorage 가 예외를 던지는 환경에서 /dashboard 는 예외 없이 '저장 공간을 사용할 수 없습니다'를 보인다
[5/75] [chromium-mobile] › tests/e2e/f1-profile.spec.ts:35:7 › PC-F1-AC4 — 저장된 프로필이 있으면 입력 없이 대시보드로 간다 › `/` 진입 시 자동으로 /dashboard 로 리다이렉트된다
[6/75] [chromium-mobile] › tests/e2e/f1-profile.spec.ts:45:7 › PC-F1-AC5 · PC-F1-EX3 — 아이가 2명 이상이면 전환 탭이 보이고, 이름이 없으면 번호로 보인다 › 탭에 '아이 1'·'아이 2'가 보이고, '+ 아이 추가'를 누르면 /?new=1 로 이동해 폼이 보인다(리다이렉트 없음)
[7/75] [chromium-mobile] › tests/e2e/f1-profile.spec.ts:89:5 › [curvez-reviewer/ACC-03] '주수로 입력' 전환이 출산 예정일 칸 아래에 있다(boundingBox y 비교)
[8/75] [chromium-mobile] › tests/e2e/f1-profile.spec.ts:71:7 › PC-F1-AC6 · PC-NF-PRIV-3 — 정보 전체 삭제 › 확인하면 저장된 프로필이 모두 사라지고 첫 화면으로 돌아간다
[9/75] [chromium-mobile] › tests/e2e/f1-profile.spec.ts:104:9 › [curvez-reviewer/ACC-05] 주수 입력 '일' 칸 범위 밖 값 → '날짜를 확인하세요' + 저장 비활성 › 일 칸에 9 를 입력하면 오류 문구가 보이고 저장 버튼이 비활성화된다
[10/75] [chromium-mobile] › tests/e2e/f1-profile.spec.ts:104:9 › [curvez-reviewer/ACC-05] 주수 입력 '일' 칸 범위 밖 값 → '날짜를 확인하세요' + 저장 비활성 › 일 칸에 -3 를 입력하면 오류 문구가 보이고 저장 버튼이 비활성화된다
[11/75] [chromium-mobile] › tests/e2e/f1-profile.spec.ts:104:9 › [curvez-reviewer/ACC-05] 주수 입력 '일' 칸 범위 밖 값 → '날짜를 확인하세요' + 저장 비활성 › 일 칸에 1.5 를 입력하면 오류 문구가 보이고 저장 버튼이 비활성화된다
[12/75] [chromium-mobile] › tests/e2e/f13-guide.spec.ts:6:5 › PC-F13-AC2 — '32주 출생 생후 3개월' 페이지에 '예정일보다 8주 일찍 태어남'과 교정 나이 설명이 보인다
[13/75] [chromium-mobile] › tests/e2e/f13-guide.spec.ts:16:5 › PC-F13-AC3 — 계산기로 가는 링크를 누르면 해당 주수(32주)가 채워진 입력 화면이 열린다
[14/75] [chromium-mobile] › tests/e2e/f13-guide.spec.ts:31:5 › PC-F13-EX1 — 1단계는 검진 안내만 넣고, 접종 안내는 없다
[15/75] [chromium-mobile] › tests/e2e/f2-dashboard.spec.ts:10:5 › PC-F2-AC1 — 오늘 2026-06-01: '생후 92일 · 3개월'과 '교정 36일 · 1개월'이 나란히 보인다
[16/75] [chromium-mobile] › tests/e2e/f2-dashboard.spec.ts:23:5 › PC-F2-AC2 — 오늘 2026-04-01: '교정 D-25'와 '재태 36주 3일'이 보인다
[17/75] [chromium-mobile] › tests/e2e/f2-dashboard.spec.ts:33:5 › PC-F2-AC3 — 오늘 2026-06-01: 다음 월령일 '생후 4개월: 2026-07-01'과 '교정 2개월: 2026-06-26'이 보인다
[18/75] [chromium-mobile] › tests/e2e/f2-dashboard.spec.ts:45:5 › PC-F2-AC4 — 재태 38주5일(37주 이상)이면 교정 칸이 보이지 않고 생후 나이만 보인다
[19/75] [chromium-mobile] › tests/e2e/f2-dashboard.spec.ts:57:5 › PC-F2-AC5 — 나이 옆에 '생후: 출생일 기준 · 교정: 출산 예정일 기준'이 한 줄로 적혀 있다
[20/75] [chromium-mobile] › tests/e2e/f2-dashboard.spec.ts:67:5 › [curvez-reviewer/ACC-02] 화면에 '교정 36일 · 1개월' 한 문구가 정확히 보인다(getByText exact)
[21/75] [chromium-mobile] › tests/e2e/f2-dashboard.spec.ts:77:5 › PC-F2-EX1 — 프로필이 없으면 F1 첫 화면으로 보낸다
[22/75] [chromium-mobile] › tests/e2e/f3-age-basis.spec.ts:13:5 › PC-F3-AC1 — '예방접종 — 출생 기준 — 생후 3개월'이 보인다
[23/75] [chromium-mobile] › tests/e2e/f3-age-basis.spec.ts:22:5 › PC-F3-AC2 — '이유식 — 교정 기준 — 교정 1개월'이 보인다
[24/75] [chromium-mobile] › tests/e2e/f3-age-basis.spec.ts:31:5 › PC-F3-AC3 — '영유아검진 방문 — 출생 기준', '문진표·발달선별검사지 — 교정 기준(24개월 검진까지)'이 보인다
[25/75] [chromium-mobile] › tests/e2e/f3-age-basis.spec.ts:44:5 › PC-F3-AC4 — 항목마다 근거 자료 이름과 기준일이 보인다
[26/75] [chromium-mobile] › tests/e2e/f3-age-basis.spec.ts:52:5 › PC-F3-AC5 — 재태 37주 이상 아이는 모든 항목이 '생후 나이 그대로'로 보인다
[27/75] [chromium-mobile] › tests/e2e/f3-age-basis.spec.ts:67:5 › [curvez-reviewer/ACC-01] 예정일 2026-03-10(재태 37주 이상) 아이의 F3 에 '교정 기준' 문구가 0개다
[28/75] [chromium-mobile] › tests/e2e/f4-checkups.spec.ts:11:5 › PC-F4-AC2 — 오늘 2026-09-15(생후 6개월14일·교정 4개월20일)이면 '오늘은 교정 4개월 기준으로 문진표를 쓰세요'가 보인다
[29/75] [chromium-mobile] › tests/e2e/f4-checkups.spec.ts:21:5 › PC-F4-AC4 — 오늘 날짜가 든 차수가 맨 위에 강조돼 보이고, 지난·예정 차수와 구분된다
[30/75] [chromium-mobile] › tests/e2e/f4-checkups.spec.ts:38:5 › PC-F4-AC5 — 화면 아래에 데이터 출처와 기준일이 보인다
[31/75] [chromium-mobile] › tests/e2e/f4-checkups.spec.ts:48:5 › [curvez-reviewer/ERR-01] 오늘이 출산 예정일 전(1차 검진 창 안)이어도 /dashboard/checkups 가 예외 없이 뜨고 '출산 예정일 전이라 교정 나이가 아직 없습니다'가 보인다
[32/75] [chromium-mobile] › tests/e2e/f5-copay-relief.spec.ts:12:5 › PC-F5-AC1 — 재태 32주0일이면 '5년 3개월' 구간으로 분류된다
[33/75] [chromium-mobile] › tests/e2e/f5-copay-relief.spec.ts:18:5 › PC-F5-AC2 — 재태 28주6일이면 '5년 4개월' 구간으로 분류된다
[34/75] [chromium-mobile] › tests/e2e/f5-copay-relief.spec.ts:24:5 › PC-F5-AC3 — 재태 35주0일이면 '5년 2개월' 구간으로 분류된다
[35/75] [chromium-mobile] › tests/e2e/f5-copay-relief.spec.ts:30:5 › PC-F5-AC4 — 재태 37주0일 이상이면 '경감 대상이 아닙니다'가 보인다
[36/75] [chromium-mobile] › tests/e2e/f5-copay-relief.spec.ts:36:5 › PC-F5-AC5 — 종료 예정일과 '2026년 1월 시행 제도 기준' 문구가 함께 보인다
[37/75] [chromium-mobile] › tests/e2e/f6-correction-period.spec.ts:12:5 › PC-F6-AC1 · PC-F6-AC4 — 재태 32주0일·체중 미입력이면 '24개월까지'와 연장 조건, '의료진과 상담해 정하세요'가 보인다
[38/75] [chromium-mobile] › tests/e2e/f6-correction-period.spec.ts:25:5 › PC-F6-AC2 — 재태 27주6일이면 '36개월까지 쓸 수 있음'이 보인다
[39/75] [chromium-mobile] › tests/e2e/f6-correction-period.spec.ts:39:5 › PC-F6-EX1 — 재태 37주 이상이면 대시보드 quick-links에 이 카드 자체가 없다
[40/75] [chromium-mobile] › tests/e2e/f6-correction-period.spec.ts:31:5 › PC-F6-AC3 — 재태 32주0일·출생 체중 1.4kg이면 '36개월까지 쓸 수 있음'이 보인다
[41/75] [chromium-mobile] › tests/e2e/f7-share.spec.ts:27:5 › PC-F7-AC1 · PC-NF-PRIV-2 — 이름 '하늘'로 저장한 프로필의 공유 링크와 카드 그리기 입력에 '하늘'이 없다
[42/75] [chromium-mobile] › tests/e2e/f7-share.spec.ts:51:5 › PC-F7-AC3 — 공유 링크 fragment 키는 b·d 두 개뿐이다
[43/75] [chromium-mobile] › tests/e2e/f7-share.spec.ts:66:5 › PC-F7-AC2 — 공유 링크를 다른 브라우저 컨텍스트(저장값 없음)에서 열면 같은 날짜 기준 같은 결과가 보인다
[44/75] [chromium-mobile] › tests/e2e/f7-share.spec.ts:111:5 › [curvez-reviewer/ACC-06] navigator.share 가 있어도 '링크 복사' 버튼이 보인다
[45/75] [chromium-mobile] › tests/e2e/f7-share.spec.ts:94:5 › PC-F7-EX1 — navigator.share 를 쓸 수 없는 환경에서는 '링크 복사' 버튼이 보인다
[46/75] [chromium-mobile] › tests/e2e/f7-share.spec.ts:121:5 › [curvez-reviewer/DSG-01] before-due 카드의 fillText 줄 폭이 캔버스 사용 가능 폭(952px) 이하다
[47/75] [chromium-mobile] › tests/e2e/nf-a11y.spec.ts:14:5 › PC-NF-A11Y-1 — 검진 차수 상태(지남/오늘/예정)는 텍스트 라벨과 기호를 함께 쓴다
[48/75] [chromium-mobile] › tests/e2e/nf-a11y.spec.ts:31:5 › PC-NF-A11Y-1 — 미확정 표시는 색이 아니라 '△' 기호 + '미확정' 라벨 + 텍스트로 구분된다
[49/75] [chromium-mobile] › tests/e2e/nf-a11y.spec.ts:41:5 › PC-NF-A11Y-1 — 성별 선택 항목은 선택되면 색뿐 아니라 '✓' 기호로도 구분된다
[50/75] [chromium-mobile] › tests/e2e/nf-a11y.spec.ts:49:5 › PC-NF-A11Y-3 — 입력칸마다 접근 가능한 이름(레이블)이 있다
[51/75] [chromium-mobile] › tests/e2e/nf-a11y.spec.ts:129:7 › PC-NF-A11Y-2 — input 화면의 주요 텍스트 대비가 4.5:1 이상이다
[52/75] [chromium-mobile] › tests/e2e/nf-a11y.spec.ts:129:7 › PC-NF-A11Y-2 — dashboard 화면의 주요 텍스트 대비가 4.5:1 이상이다
[53/75] [chromium-mobile] › tests/e2e/nf-a11y.spec.ts:129:7 › PC-NF-A11Y-2 — age-basis 화면의 주요 텍스트 대비가 4.5:1 이상이다
[54/75] [chromium-mobile] › tests/e2e/nf-a11y.spec.ts:129:7 › PC-NF-A11Y-2 — checkups 화면의 주요 텍스트 대비가 4.5:1 이상이다
[55/75] [chromium-mobile] › tests/e2e/nf-a11y.spec.ts:129:7 › PC-NF-A11Y-2 — copay-relief 화면의 주요 텍스트 대비가 4.5:1 이상이다
[56/75] [chromium-mobile] › tests/e2e/nf-a11y.spec.ts:129:7 › PC-NF-A11Y-2 — correction-period 화면의 주요 텍스트 대비가 4.5:1 이상이다
[57/75] [chromium-mobile] › tests/e2e/nf-a11y.spec.ts:129:7 › PC-NF-A11Y-2 — share 화면의 주요 텍스트 대비가 4.5:1 이상이다
[58/75] [chromium-mobile] › tests/e2e/nf-a11y.spec.ts:129:7 › PC-NF-A11Y-2 — guide 화면의 주요 텍스트 대비가 4.5:1 이상이다
[59/75] [chromium-mobile] › tests/e2e/nf-med.spec.ts:22:7 › PC-NF-MED-1 — dashboard 화면에 의료 면책 문구가 보인다
[60/75] [chromium-mobile] › tests/e2e/nf-med.spec.ts:22:7 › PC-NF-MED-1 — age-basis 화면에 의료 면책 문구가 보인다
[61/75] [chromium-mobile] › tests/e2e/nf-med.spec.ts:22:7 › PC-NF-MED-1 — checkups 화면에 의료 면책 문구가 보인다
[62/75] [chromium-mobile] › tests/e2e/nf-med.spec.ts:22:7 › PC-NF-MED-1 — copay-relief 화면에 의료 면책 문구가 보인다
[63/75] [chromium-mobile] › tests/e2e/nf-med.spec.ts:22:7 › PC-NF-MED-1 — correction-period 화면에 의료 면책 문구가 보인다
[64/75] [chromium-mobile] › tests/e2e/nf-med.spec.ts:22:7 › PC-NF-MED-1 — share 화면에 의료 면책 문구가 보인다
[65/75] [chromium-mobile] › tests/e2e/nf-med.spec.ts:22:7 › PC-NF-MED-1 — guide 화면에 의료 면책 문구가 보인다
[66/75] [chromium-mobile] › tests/e2e/nf-mobile.spec.ts:71:7 › PC-NF-MOBILE-1·2·3 — input 화면
[67/75] [chromium-mobile] › tests/e2e/nf-mobile.spec.ts:71:7 › PC-NF-MOBILE-1·2·3 — dashboard 화면
[68/75] [chromium-mobile] › tests/e2e/nf-mobile.spec.ts:71:7 › PC-NF-MOBILE-1·2·3 — age-basis 화면
[69/75] [chromium-mobile] › tests/e2e/nf-mobile.spec.ts:71:7 › PC-NF-MOBILE-1·2·3 — checkups 화면
[70/75] [chromium-mobile] › tests/e2e/nf-mobile.spec.ts:71:7 › PC-NF-MOBILE-1·2·3 — copay-relief 화면
[71/75] [chromium-mobile] › tests/e2e/nf-mobile.spec.ts:71:7 › PC-NF-MOBILE-1·2·3 — correction-period 화면
[72/75] [chromium-mobile] › tests/e2e/nf-mobile.spec.ts:71:7 › PC-NF-MOBILE-1·2·3 — share 화면
[73/75] [chromium-mobile] › tests/e2e/nf-mobile.spec.ts:71:7 › PC-NF-MOBILE-1·2·3 — guide 화면
[74/75] [chromium-mobile] › tests/e2e/nf-mobile.spec.ts:83:5 › PC-NF-MOBILE-1·2·3 — copay-relief state:boundary-unconfirmed
[75/75] [chromium-mobile] › tests/e2e/nf-privacy.spec.ts:12:5 › PC-NF-PRIV-1 — 프로필 입력·저장·대시보드 조회·프로필 편집 동안 나가는 요청에 이름·출생일·예정일 값이 없다
  75 passed (11.7s)
